******************************************************************************
                  MSP430 Linker PC v4.3.5                      
******************************************************************************
>> Linked Tue Dec 09 17:16:18 2014

OUTPUT FILE NAME:   <get_weather_copied_main.out>
ENTRY POINT SYMBOL: "_c_int00"  address: 000044c2


MEMORY CONFIGURATION

         name            origin    length      used     unused   attr    fill
----------------------  --------  ---------  --------  --------  ----  --------
  SFR                   00000000   00000010  00000000  00000010  RWIX
  PERIPHERALS_8BIT      00000010   000000f0  00000000  000000f0  RWIX
  PERIPHERALS_16BIT     00000100   00000100  00000000  00000100  RWIX
  INFOD                 00001800   00000080  00000000  00000080  RWIX
  INFOC                 00001880   00000080  00000000  00000080  RWIX
  INFOB                 00001900   00000080  00000000  00000080  RWIX
  INFOA                 00001980   00000080  00000000  00000080  RWIX
  USBRAM                00001c00   00000800  00000000  00000800  RWIX
  RAM                   00002400   00002000  00000e32  000011ce  RWIX
  FLASH                 00004400   0000bb80  00005dd8  00005da8  RWIX
  INT00                 0000ff80   00000002  00000000  00000002  RWIX
  INT01                 0000ff82   00000002  00000000  00000002  RWIX
  INT02                 0000ff84   00000002  00000000  00000002  RWIX
  INT03                 0000ff86   00000002  00000000  00000002  RWIX
  INT04                 0000ff88   00000002  00000000  00000002  RWIX
  INT05                 0000ff8a   00000002  00000000  00000002  RWIX
  INT06                 0000ff8c   00000002  00000000  00000002  RWIX
  INT07                 0000ff8e   00000002  00000000  00000002  RWIX
  INT08                 0000ff90   00000002  00000000  00000002  RWIX
  INT09                 0000ff92   00000002  00000000  00000002  RWIX
  INT10                 0000ff94   00000002  00000000  00000002  RWIX
  INT11                 0000ff96   00000002  00000000  00000002  RWIX
  INT12                 0000ff98   00000002  00000000  00000002  RWIX
  INT13                 0000ff9a   00000002  00000000  00000002  RWIX
  INT14                 0000ff9c   00000002  00000000  00000002  RWIX
  INT15                 0000ff9e   00000002  00000000  00000002  RWIX
  INT16                 0000ffa0   00000002  00000000  00000002  RWIX
  INT17                 0000ffa2   00000002  00000000  00000002  RWIX
  INT18                 0000ffa4   00000002  00000000  00000002  RWIX
  INT19                 0000ffa6   00000002  00000000  00000002  RWIX
  INT20                 0000ffa8   00000002  00000000  00000002  RWIX
  INT21                 0000ffaa   00000002  00000000  00000002  RWIX
  INT22                 0000ffac   00000002  00000000  00000002  RWIX
  INT23                 0000ffae   00000002  00000000  00000002  RWIX
  INT24                 0000ffb0   00000002  00000000  00000002  RWIX
  INT25                 0000ffb2   00000002  00000000  00000002  RWIX
  INT26                 0000ffb4   00000002  00000000  00000002  RWIX
  INT27                 0000ffb6   00000002  00000000  00000002  RWIX
  INT28                 0000ffb8   00000002  00000000  00000002  RWIX
  INT29                 0000ffba   00000002  00000000  00000002  RWIX
  INT30                 0000ffbc   00000002  00000000  00000002  RWIX
  INT31                 0000ffbe   00000002  00000000  00000002  RWIX
  INT32                 0000ffc0   00000002  00000000  00000002  RWIX
  INT33                 0000ffc2   00000002  00000000  00000002  RWIX
  INT34                 0000ffc4   00000002  00000000  00000002  RWIX
  INT35                 0000ffc6   00000002  00000000  00000002  RWIX
  INT36                 0000ffc8   00000002  00000000  00000002  RWIX
  INT37                 0000ffca   00000002  00000000  00000002  RWIX
  INT38                 0000ffcc   00000002  00000000  00000002  RWIX
  INT39                 0000ffce   00000002  00000000  00000002  RWIX
  INT40                 0000ffd0   00000002  00000000  00000002  RWIX
  INT41                 0000ffd2   00000002  00000002  00000000  RWIX
  INT42                 0000ffd4   00000002  00000002  00000000  RWIX
  INT43                 0000ffd6   00000002  00000002  00000000  RWIX
  INT44                 0000ffd8   00000002  00000002  00000000  RWIX
  INT45                 0000ffda   00000002  00000002  00000000  RWIX
  INT46                 0000ffdc   00000002  00000002  00000000  RWIX
  INT47                 0000ffde   00000002  00000002  00000000  RWIX
  INT48                 0000ffe0   00000002  00000002  00000000  RWIX
  INT49                 0000ffe2   00000002  00000002  00000000  RWIX
  INT50                 0000ffe4   00000002  00000002  00000000  RWIX
  INT51                 0000ffe6   00000002  00000002  00000000  RWIX
  INT52                 0000ffe8   00000002  00000002  00000000  RWIX
  INT53                 0000ffea   00000002  00000002  00000000  RWIX
  INT54                 0000ffec   00000002  00000002  00000000  RWIX
  INT55                 0000ffee   00000002  00000002  00000000  RWIX
  INT56                 0000fff0   00000002  00000002  00000000  RWIX
  INT57                 0000fff2   00000002  00000002  00000000  RWIX
  INT58                 0000fff4   00000002  00000002  00000000  RWIX
  INT59                 0000fff6   00000002  00000002  00000000  RWIX
  INT60                 0000fff8   00000002  00000002  00000000  RWIX
  INT61                 0000fffa   00000002  00000002  00000000  RWIX
  INT62                 0000fffc   00000002  00000002  00000000  RWIX
  RESET                 0000fffe   00000002  00000002  00000000  RWIX
  FLASH2                00010000   00014400  00000000  00014400  RWIX


SECTION ALLOCATION MAP

 output                                  attributes/
section   page    origin      length       input sections
--------  ----  ----------  ----------   ----------------
.pinit     0    00004400    00000000     UNINITIALIZED

.bss       0    00002400    00000bba     UNINITIALIZED
                  00002400    00000878     main.obj (.bss)
                  00002c78    00000133     driver.obj (.bss)
                  00002dab    00000001     --HOLE--
                  00002dac    0000011a     rts430x.lib : defs.obj (.bss)
                  00002ec6    000000a4                 : lowlev.obj (.bss)
                  00002f6a    0000001e     nonos.obj (.bss)
                  00002f88    00000008     rts430x.lib : _lock.obj (.bss)
                  00002f90    00000008                 : boot.obj (.bss)
                  00002f98    00000008                 : memory.obj (.bss)
                  00002fa0    00000008                 : trgdrv.obj (.bss)
                  00002fa8    00000006     andrew_tempsense.obj (.bss)
                  00002fae    00000005     board.obj (.bss)
                  00002fb3    00000001     --HOLE--
                  00002fb4    00000004     cli_uart.obj (.bss)
                  00002fb8    00000002     rts430x.lib : fopen.obj (.bss)

.data      0    00002400    00000000     UNINITIALIZED

.cio       0    00002fba    00000120     UNINITIALIZED
                  00002fba    00000120     rts430x.lib : trgmsg.obj (.cio)

.sysmem    0    000030dc    00000004     UNINITIALIZED
                  000030dc    00000004     rts430x.lib : memory.obj (.sysmem)

.stack     0    000042ac    00000154     UNINITIALIZED
                  000042ac    00000002     rts430x.lib : boot.obj (.stack)
                  000042ae    00000152     --HOLE--

.cinit     0    00004400    000000c2     
                  00004400    00000048     rts430x.lib : lowlev.obj (.cinit)
                  00004448    0000002e                 : defs.obj (.cinit)
                  00004476    00000013     driver.obj (.cinit)
                  00004489    00000001     --HOLE-- [fill = 0]
                  0000448a    0000000e     andrew_tempsense.obj (.cinit)
                  00004498    0000000e     main.obj (.cinit)
                  000044a6    00000008     board.obj (.cinit)
                  000044ae    00000006     cli_uart.obj (.cinit)
                  000044b4    00000006     rts430x.lib : fopen.obj (.cinit)
                  000044ba    00000006                 : memory.obj (.cinit)
                  000044c0    00000002     --HOLE-- [fill = 0]

.text:_isr 
*          0    000044c2    000000b2     
                  000044c2    00000038     rts430x.lib : boot.obj (.text:_isr:_c_int00_noargs)
                  000044fa    00000036     cli_uart.obj (.text:_isr:UART_ISR)
                  00004530    0000001a     board.obj (.text:_isr:IntSpiGPIOHandler)
                  0000454a    00000012     main.obj (.text:_isr:Timer_A)
                  0000455c    0000000a     board.obj (.text:_isr:CC3100_UART_ISR)
                  00004566    0000000a     board.obj (.text:_isr:Port1_ISR)
                  00004570    00000004     board.obj (.text:_isr:Trap_ISR)

.text      0    00004574    000053d4     
                  00004574    000004e2     driver.obj (.text:_SlAsyncEventGenericHandler)
                  00004a56    0000045a     driver.obj (.text:_SlDrvMsgRead)
                  00004eb0    00000304     Decode.obj (.text:parseCode)
                  000051b4    000001f6     wlan.obj (.text:sl_WlanConnect)
                  000053aa    000001ee     main.obj (.text:configureSimpleLinkToDefaultState)
                  00005598    000001c8     driver.obj (.text:_SlDrvDataReadOp)
                  00005760    000001ac     driver.obj (.text:_SlDrvWaitForPoolObj)
                  0000590c    000001a6     driver.obj (.text:_SlDrvRxHdrRead)
                  00005ab2    000001a6     main.obj (.text:manageStates)
                  00005c58    0000019a     main.obj (.text:sendMessage)
                  00005df2    00000198     driver.obj (.text:_SlDrvDataWriteOp)
                  00005f8a    00000184     driver.obj (.text:_SlDrvReleasePoolObj)
                  0000610e    00000158     driver.obj (.text:_SlDrvMsgWrite)
                  00006266    00000130     rts430x.lib : fs_add.obj (.text)
                  00006396    00000118     socket.obj (.text:sl_Connect)
                  000064ae    0000010e     rts430x.lib : _printfi_min.obj (.text:_setfield)
                  000065bc    00000108     netapp.obj (.text:sl_NetAppDnsGetHostByName)
                  000066c4    000000fa     device.obj (.text:sl_Start)
                  000067be    000000ee     device.obj (.text:sl_Stop)
                  000068ac    000000e8     board.obj (.text:Init_FLL)
                  00006994    000000e2     netapp.obj (.text:_SlDrvNetAppEventHandler)
                  00006a76    000000de     rts430x.lib : fputs.obj (.text:fputs)
                  00006b54    000000da     driver.obj (.text:_SlFindAndSetActiveObj)
                  00006c2e    000000d4     board.obj (.text:SetVCoreUp)
                  00006d02    000000cc     rts430x.lib : setvbuf.obj (.text:setvbuf)
                  00006dce    000000ca     driver.obj (.text:_SlDrvDriverCBInit)
                  00006e98    000000c4     driver.obj (.text:_SlDrvClassifyRxMsg)
                  00006f5c    000000c4     driver.obj (.text:_SlDrvMsgReadCmdCtx)
                  00007020    000000c0     driver.obj (.text:_SlDrvCmdOp)
                  000070e0    000000c0     rts430x.lib : _printfi_min.obj (.text:__TI_printfi_minimal)
                  000071a0    000000c0     netapp.obj (.text:sl_NetAppMDNSRegisterUnregisterService)
                  00007260    000000b6     main.obj (.text:ir_transmit)
                  00007316    000000b6     rts430x.lib : fs_mpy.obj (.text)
                  000073cc    000000b2     socket.obj (.text:sl_Send)
                  0000747e    000000b0     driver.obj (.text:_SlDrvMsgReadSpawnCtx)
                  0000752e    000000b0     device.obj (.text:_sl_HandleAsync_InitComplete)
                  000075de    000000ac     rts430x.lib : memory.obj (.text:malloc)
                  0000768a    000000a6     netapp.obj (.text:_sl_HandleAsync_PingResponse)
                  00007730    000000a2     netapp.obj (.text:_sl_HandleAsync_DnsGetHostByName)
                  000077d2    0000009a     board.obj (.text:SetVCoreDown)
                  0000786c    0000009a     socket.obj (.text:_sl_HandleAsync_Connect)
                  00007906    00000096     main.obj (.text:parseMessage)
                  0000799c    00000092     netapp.obj (.text:_sl_HandleAsync_DnsGetHostByService)
                  00007a2e    00000092     main.obj (.text:createConnection)
                  00007ac0    00000092     device.obj (.text:sl_DevGet)
                  00007b52    0000008e     socket.obj (.text:_sl_TruncatePayloadByProtocol)
                  00007be0    0000008e     rts430x.lib : fs_div.obj (.text)
                  00007c6e    0000008c                 : fputc.obj (.text:fputc)
                  00007cfa    00000088     socket.obj (.text:_sl_HandleAsync_Accept)
                  00007d82    00000086     rts430x.lib : trgdrv.obj (.text:HOSTlseek)
                  00007e08    00000080                 : memory.obj (.text:free)
                  00007e88    0000007a                 : _io_perm.obj (.text:__TI_wrt_ok)
                  00007f02    0000007a     main.obj (.text:config3100)
                  00007f7c    00000078     device.obj (.text:_sl_GetStartResponseConvert)
                  00007ff4    00000076     driver.obj (.text:_SlDrvDriverCBDeinit)
                  0000806a    00000076     socket.obj (.text:_sl_HandleAsync_Select)
                  000080e0    00000076     device.obj (.text:_sl_HandleAsync_Stop)
                  00008156    0000006e     driver.obj (.text:_SlRemoveFromList)
                  000081c4    0000006c     main.obj (.text:recvMessage)
                  00008230    0000006a     rts430x.lib : trgdrv.obj (.text:HOSTrename)
                  0000829a    0000006a                 : fseek.obj (.text:fseek)
                  00008304    0000006a     spi.obj (.text:spi_Open)
                  0000836e    00000068     rts430x.lib : fclose.obj (.text:__TI_closefile)
                  000083d6    00000068                 : fs_toi.obj (.text)
                  0000843e    00000066                 : atol.obj (.text:atol)
                  000084a4    00000062                 : trgdrv.obj (.text:HOSTopen)
                  00008506    00000062     main.obj (.text:SimpleLinkWlanEventHandler)
                  00008568    00000062     rts430x.lib : fflush.obj (.text:__TI_doflush)
                  000085ca    0000005e                 : trgdrv.obj (.text:HOSTwrite)
                  00008628    0000005e     convenienceFunctions.obj (.text:itoa)
                  00008686    0000005c     rts430x.lib : trgdrv.obj (.text:HOSTread)
                  000086e2    0000005c     driver.obj (.text:_SlDrvObjInit)
                  0000873e    0000005c     rts430x.lib : autoinit.obj (.text:_auto_init_hold_wdt)
                  0000879a    0000005a     netapp.obj (.text:sl_NetAppSendTokenValue)
                  000087f4    00000058     rts430x.lib : div32u.obj (.text)
                  0000884c    00000056     netcfg.obj (.text:sl_NetCfgSet)
                  000088a2    00000054     rts430x.lib : lowlev.obj (.text:getdevice)
                  000088f6    00000052                 : _printfi_min.obj (.text:_ltostr)
                  00008948    00000052     main.obj (.text:establishConnectionWithAP)
                  0000899a    00000050     andrew_tempsense.obj (.text:convert)
                  000089ea    0000004e     main.obj (.text:getHostIP)
                  00008a38    0000004c     rts430x.lib : _printfi_min.obj (.text:_pproc_diouxp)
                  00008a84    0000004c     main.obj (.text:main)
                  00008ad0    0000004a     rts430x.lib : lowlev.obj (.text:close)
                  00008b1a    00000048     nonos.obj (.text:_SlNonOsMainLoopTask)
                  00008b62    00000048     wlan.obj (.text:sl_WlanSet)
                  00008baa    00000044     rts430x.lib : trgdrv.obj (.text:HOSTclose)
                  00008bee    00000044     main.obj (.text:SimpleLinkSockEventHandler)
                  00008c32    00000044     device.obj (.text:_SlDrvDeviceEventHandler)
                  00008c76    00000044     socket.obj (.text:sl_Recv)
                  00008cba    00000042     rts430x.lib : trgdrv.obj (.text:HOSTunlink)
                  00008cfc    00000042     socket.obj (.text:_sl_BuildAddress)
                  00008d3e    00000040     board.obj (.text:SetVCore)
                  00008d7e    00000040     rts430x.lib : _printfi_min.obj (.text:_pproc_str)
                  00008dbe    00000040                 : printf.obj (.text:printf)
                  00008dfe    00000040     socket.obj (.text:sl_Htonl)
                  00008e3e    00000040     wlan.obj (.text:sl_WlanPolicySet)
                  00008e7e    0000003e     rts430x.lib : lsl32.obj (.text:l_lsl_const)
                  00008ebc    0000003e                 : lsr32.obj (.text:l_lsr_const)
                  00008efa    0000003c     nonos.obj (.text:_SlNonOsSpawn)
                  00008f36    0000003a     wlan.obj (.text:sl_WlanRxFilterSet)
                  00008f70    00000038     netapp.obj (.text:CopyPingResultsToReport)
                  00008fa8    00000038     driver.obj (.text:_SlDrvRxIrqHandler)
                  00008fe0    00000038     rts430x.lib : memory.obj (.text:minit)
                  00009018    00000036     andrew_tempsense.obj (.text:ADCinit)
                  0000904e    00000036     board.obj (.text:Init_FLL_Settle)
                  00009084    00000036     board.obj (.text:LFXT_Start)
                  000090ba    00000036     flowcont.obj (.text:_SlDrvFlowContInit)
                  000090f0    00000036     convenienceFunctions.obj (.text:reverse)
                  00009126    00000036     rts430x.lib : fs_itof.obj (.text)
                  0000915c    00000036                 : strstr.obj (.text:strstr)
                  00009192    00000034     cli_uart.obj (.text:CLI_Configure)
                  000091c6    00000034     driver.obj (.text:_SlDrvBasicCmd)
                  000091fa    00000034     nonos.obj (.text:_SlNonOsSemGet)
                  0000922e    00000034     socket.obj (.text:sl_Socket)
                  00009262    00000032     flowcont.obj (.text:_SlDrvFlowContDeinit)
                  00009294    00000032     rts430x.lib : fopen.obj (.text:__TI_cleanup)
                  000092c6    00000032     spi.obj (.text:spi_Read)
                  000092f8    00000030     board.obj (.text:initClk)
                  00009328    00000030     main.obj (.text:initializeAppVariables)
                  00009358    0000002e     main.obj (.text:SimpleLinkNetAppEventHandler)
                  00009386    0000002e     rts430x.lib : trgmsg.obj (.text:__TI_writemsg)
                  000093b4    0000002e                 : _printfi_min.obj (.text:_getarg_diouxp)
                  000093e2    0000002e                 : exit.obj (.text:exit)
                  00009410    0000002e                 : lowlev.obj (.text:finddevice)
                  0000943e    0000002c     cli_uart.obj (.text:CLI_Write)
                  0000946a    0000002c     rts430x.lib : trgmsg.obj (.text:__TI_readmsg)
                  00009496    0000002c                 : div16s.obj (.text)
                  000094c2    0000002c                 : strncpy.obj (.text:strncpy)
                  000094ee    0000002a     main.obj (.text:IRdelay)
                  00009518    0000002a     spi.obj (.text:spi_Write)
                  00009542    0000002a     rts430x.lib : lowlev.obj (.text:unlink)
                  0000956c    00000028     socket.obj (.text:sl_Htons)
                  00009594    00000026     driver.obj (.text:_SlDrvCmdSend)
                  000095ba    00000026     rts430x.lib : lowlev.obj (.text:lseek)
                  000095e0    00000026     main.obj (.text:port_setup)
                  00009606    00000024     driver.obj (.text:_SlDrvShiftDWord)
                  0000962a    00000024     netapp.obj (.text:sl_NetAppMDNSUnRegisterService)
                  0000964e    00000024     rts430x.lib : lowlev.obj (.text:write)
                  00009672    00000022     main.obj (.text:displayBanner)
                  00009694    00000022     rts430x.lib : mult32_f5hw.obj (.text)
                  000096b6    00000020     board.obj (.text:Delay)
                  000096d6    00000020     socket.obj (.text:sl_Close)
                  000096f6    00000020     wlan.obj (.text:sl_WlanProfileDel)
                  00009716    00000020     wlan.obj (.text:sl_WlanSetMode)
                  00009736    00000020     Decode.obj (.text:stringCopy)
                  00009756    0000001e     driver.obj (.text:_SlDrvObjDeInit)
                  00009774    0000001c     rts430x.lib : memccpy.obj (.text:memccpy)
                  00009790    0000001a                 : _printfi_min.obj (.text:_div)
                  000097aa    0000001a     main.obj (.text:disconnectFromAP)
                  000097c4    0000001a     rts430x.lib : strcat.obj (.text:strcat)
                  000097de    00000018                 : strchr.obj (.text:strchr)
                  000097f6    00000018                 : strcmp.obj (.text:strcmp)
                  0000980e    00000016                 : div16u.obj (.text)
                  00009824    00000016                 : mult16_f5hw.obj (.text)
                  0000983a    00000014                 : memchr.obj (.text:memchr)
                  0000984e    00000014                 : memset.obj (.text:memset)
                  00009862    00000014     main.obj (.text:timer_setup)
                  00009876    00000012     rts430x.lib : memcpy.obj (.text:memcpy)
                  00009888    00000012     andrew_tempsense.obj (.text:sample)
                  0000989a    00000010     rts430x.lib : strcpy.obj (.text:strcpy)
                  000098aa    0000000e                 : strlen.obj (.text:strlen)
                  000098b8    0000000a     board.obj (.text:CC3100_InterruptEnable)
                  000098c2    0000000a     main.obj (.text:SimpleLinkGeneralEventHandler)
                  000098cc    0000000a     main.obj (.text:SimpleLinkHttpServerCallback)
                  000098d6    0000000a     rts430x.lib : lsl16.obj (.text)
                  000098e0    0000000a                 : lsr16.obj (.text)
                  000098ea    0000000a     wlan.obj (.text:sl_WlanDisconnect)
                  000098f4    00000008     board.obj (.text:CC3100_disable)
                  000098fc    00000008     board.obj (.text:CC3100_enable)
                  00009904    00000008     nonos.obj (.text:_SlNonOsSemSet)
                  0000990c    00000008     board.obj (.text:registerInterruptHandler)
                  00009914    00000008     spi.obj (.text:spi_Close)
                  0000991c    00000008     board.obj (.text:stopWDT)
                  00009924    00000006     board.obj (.text:CC3100_InterruptDisable)
                  0000992a    00000006     rts430x.lib : printf.obj (.text:_outc)
                  00009930    00000006     Decode.obj (.text:markEmpty)
                  00009936    00000004     rts430x.lib : printf.obj (.text:_outs)
                  0000993a    00000004                 : pre_init.obj (.text:_system_pre_init)
                  0000993e    00000004                 : exit.obj (.text:abort)
                  00009942    00000004                 : remove.obj (.text:remove)
                  00009946    00000002                 : _lock.obj (.text:_nop)

.const     0    00009948    00000890     
                  00009948    00000556     main.obj (.const:.string)
                  00009e9e    00000101     rts430x.lib : ctype.obj (.const:.string:_ctypes_)
                  00009f9f    00000001     --HOLE-- [fill = 0]
                  00009fa0    000000ec     wlan.obj (.const)
                  0000a08c    00000046     main.obj (.const)
                  0000a0d2    00000038     driver.obj (.const:_SlActionLookupTable)
                  0000a10a    00000034     socket.obj (.const)
                  0000a13e    00000028     netapp.obj (.const)
                  0000a166    00000024     fs.obj (.const)
                  0000a18a    00000014     rts430x.lib : _printfi_min.obj (.const:.string)
                  0000a19e    00000014     device.obj (.const)
                  0000a1b2    00000014     driver.obj (.const)
                  0000a1c6    00000008     Decode.obj (.const:.string)
                  0000a1ce    00000008     netcfg.obj (.const)
                  0000a1d6    00000002     rts430x.lib : fputs.obj (.const:.string)

RTC        0    0000ffd2    00000002     
                  0000ffd2    00000002     board.obj (.int41)

PORT2      0    0000ffd4    00000002     
                  0000ffd4    00000002     board.obj (.int42)

TIMER2_A1 
*          0    0000ffd6    00000002     
                  0000ffd6    00000002     board.obj (.int43)

TIMER2_A0 
*          0    0000ffd8    00000002     
                  0000ffd8    00000002     board.obj (.int44)

USCI_B1    0    0000ffda    00000002     
                  0000ffda    00000002     board.obj (.int45)

USCI_A1    0    0000ffdc    00000002     
                  0000ffdc    00000002     cli_uart.obj (.int46)

PORT1      0    0000ffde    00000002     
                  0000ffde    00000002     board.obj (.int47)

TIMER1_A1 
*          0    0000ffe0    00000002     
                  0000ffe0    00000002     board.obj (.int48)

TIMER1_A0 
*          0    0000ffe2    00000002     
                  0000ffe2    00000002     board.obj (.int49)

DMA        0    0000ffe4    00000002     
                  0000ffe4    00000002     board.obj (.int50)

USB_UBM    0    0000ffe6    00000002     
                  0000ffe6    00000002     board.obj (.int51)

TIMER0_A1 
*          0    0000ffe8    00000002     
                  0000ffe8    00000002     board.obj (.int52)

TIMER0_A0 
*          0    0000ffea    00000002     
                  0000ffea    00000002     main.obj (.int53)

ADC12      0    0000ffec    00000002     
                  0000ffec    00000002     board.obj (.int54)

USCI_B0    0    0000ffee    00000002     
                  0000ffee    00000002     board.obj (.int55)

USCI_A0    0    0000fff0    00000002     
                  0000fff0    00000002     board.obj (.int56)

WDT        0    0000fff2    00000002     
                  0000fff2    00000002     board.obj (.int57)

TIMER0_B1 
*          0    0000fff4    00000002     
                  0000fff4    00000002     board.obj (.int58)

TIMER0_B0 
*          0    0000fff6    00000002     
                  0000fff6    00000002     board.obj (.int59)

COMP_B     0    0000fff8    00000002     
                  0000fff8    00000002     board.obj (.int60)

UNMI       0    0000fffa    00000002     
                  0000fffa    00000002     board.obj (.int61)

SYSNMI     0    0000fffc    00000002     
                  0000fffc    00000002     board.obj (.int62)

.reset     0    0000fffe    00000002     
                  0000fffe    00000002     rts430x.lib : boot.obj (.reset)


GLOBAL SYMBOLS: SORTED ALPHABETICALLY BY Name 

address    name
--------   ----
00002400   .bss
00002400   .data
ffffffff   .text
00000700   ADC12CTL0
00000701   ADC12CTL0_H
00000700   ADC12CTL0_L
00000702   ADC12CTL1
00000703   ADC12CTL1_H
00000702   ADC12CTL1_L
00000704   ADC12CTL2
00000705   ADC12CTL2_H
00000704   ADC12CTL2_L
0000070c   ADC12IE
0000070d   ADC12IE_H
0000070c   ADC12IE_L
0000070a   ADC12IFG
0000070b   ADC12IFG_H
0000070a   ADC12IFG_L
0000070e   ADC12IV
0000070f   ADC12IV_H
0000070e   ADC12IV_L
00000710   ADC12MCTL0
00000711   ADC12MCTL1
0000071a   ADC12MCTL10
0000071b   ADC12MCTL11
0000071c   ADC12MCTL12
0000071d   ADC12MCTL13
0000071e   ADC12MCTL14
0000071f   ADC12MCTL15
00000712   ADC12MCTL2
00000713   ADC12MCTL3
00000714   ADC12MCTL4
00000715   ADC12MCTL5
00000716   ADC12MCTL6
00000717   ADC12MCTL7
00000718   ADC12MCTL8
00000719   ADC12MCTL9
00000720   ADC12MEM0
00000721   ADC12MEM0_H
00000720   ADC12MEM0_L
00000722   ADC12MEM1
00000734   ADC12MEM10
00000735   ADC12MEM10_H
00000734   ADC12MEM10_L
00000736   ADC12MEM11
00000737   ADC12MEM11_H
00000736   ADC12MEM11_L
00000738   ADC12MEM12
00000739   ADC12MEM12_H
00000738   ADC12MEM12_L
0000073a   ADC12MEM13
0000073b   ADC12MEM13_H
0000073a   ADC12MEM13_L
0000073c   ADC12MEM14
0000073d   ADC12MEM14_H
0000073c   ADC12MEM14_L
0000073e   ADC12MEM15
0000073f   ADC12MEM15_H
0000073e   ADC12MEM15_L
00000723   ADC12MEM1_H
00000722   ADC12MEM1_L
00000724   ADC12MEM2
00000725   ADC12MEM2_H
00000724   ADC12MEM2_L
00000726   ADC12MEM3
00000727   ADC12MEM3_H
00000726   ADC12MEM3_L
00000728   ADC12MEM4
00000729   ADC12MEM4_H
00000728   ADC12MEM4_L
0000072a   ADC12MEM5
0000072b   ADC12MEM5_H
0000072a   ADC12MEM5_L
0000072c   ADC12MEM6
0000072d   ADC12MEM6_H
0000072c   ADC12MEM6_L
0000072e   ADC12MEM7
0000072f   ADC12MEM7_H
0000072e   ADC12MEM7_L
00000730   ADC12MEM8
00000731   ADC12MEM8_H
00000730   ADC12MEM8_L
00000732   ADC12MEM9
00000733   ADC12MEM9_H
00000732   ADC12MEM9_L
00009018   ADCinit
0000993e   C$$EXIT
000093b0   C$$IO$$
000008c0   CBCTL0
000008c1   CBCTL0_H
000008c0   CBCTL0_L
000008c2   CBCTL1
000008c3   CBCTL1_H
000008c2   CBCTL1_L
000008c4   CBCTL2
000008c5   CBCTL2_H
000008c4   CBCTL2_L
000008c6   CBCTL3
000008c7   CBCTL3_H
000008c6   CBCTL3_L
000008cc   CBINT
000008cd   CBINT_H
000008cc   CBINT_L
000008ce   CBIV
00009924   CC3100_InterruptDisable
000098b8   CC3100_InterruptEnable
0000455c   CC3100_UART_ISR
000098f4   CC3100_disable
000098fc   CC3100_enable
00009192   CLI_Configure
0000943e   CLI_Write
00000150   CRCDI
00000152   CRCDIRB
00000153   CRCDIRB_H
00000152   CRCDIRB_L
00000151   CRCDI_H
00000150   CRCDI_L
00000154   CRCINIRES
00000155   CRCINIRES_H
00000154   CRCINIRES_L
00000156   CRCRESR
00000157   CRCRESR_H
00000156   CRCRESR_L
00008f70   CopyPingResultsToReport
00000510   DMA0CTL
00000511   DMA0CTL_H
00000510   DMA0CTL_L
00000516   DMA0DA
00000516   DMA0DAL
00000512   DMA0SA
00000512   DMA0SAL
0000051a   DMA0SZ
00000520   DMA1CTL
00000521   DMA1CTL_H
00000520   DMA1CTL_L
00000526   DMA1DA
00000526   DMA1DAL
00000522   DMA1SA
00000522   DMA1SAL
0000052a   DMA1SZ
00000530   DMA2CTL
00000531   DMA2CTL_H
00000530   DMA2CTL_L
00000536   DMA2DA
00000536   DMA2DAL
00000532   DMA2SA
00000532   DMA2SAL
0000053a   DMA2SZ
00000500   DMACTL0
00000501   DMACTL0_H
00000500   DMACTL0_L
00000502   DMACTL1
00000503   DMACTL1_H
00000502   DMACTL1_L
00000504   DMACTL2
00000505   DMACTL2_H
00000504   DMACTL2_L
00000506   DMACTL3
00000507   DMACTL3_H
00000506   DMACTL3_L
00000508   DMACTL4
00000509   DMACTL4_H
00000508   DMACTL4_L
0000050e   DMAIV
0000050f   DMAIV_H
0000050e   DMAIV_L
000096b6   Delay
00000140   FCTL1
00000141   FCTL1_H
00000140   FCTL1_L
00000144   FCTL3
00000145   FCTL3_H
00000144   FCTL3_L
00000146   FCTL4
00000147   FCTL4_H
00000146   FCTL4_L
00008baa   HOSTclose
00007d82   HOSTlseek
000084a4   HOSTopen
00008686   HOSTread
00008230   HOSTrename
00008cba   HOSTunlink
000085ca   HOSTwrite
000094ee   IRdelay
000098d6   I_LSL
000098e0   I_LSR
000068ac   Init_FLL
0000904e   Init_FLL_Settle
00002fb2   IntIsMasked
00004530   IntSpiGPIOHandler
00009084   LFXT_Start
00008eb6   L_LSL_1
00008e92   L_LSL_10
00008e8e   L_LSL_11
00008e8a   L_LSL_12
00008e86   L_LSL_13
00008e82   L_LSL_14
00008e7e   L_LSL_15
00008eb2   L_LSL_2
00008eae   L_LSL_3
00008eaa   L_LSL_4
00008ea6   L_LSL_5
00008ea2   L_LSL_6
00008e9e   L_LSL_7
00008e9a   L_LSL_8
00008e96   L_LSL_9
00008ef4   L_LSR_1
00008ed0   L_LSR_10
00008ecc   L_LSR_11
00008ec8   L_LSR_12
00008ec4   L_LSR_13
00008ec0   L_LSR_14
00008ebc   L_LSR_15
00008ef0   L_LSR_2
00008eec   L_LSR_3
00008ee8   L_LSR_4
00008ee4   L_LSR_5
00008ee0   L_LSR_6
00008edc   L_LSR_7
00008ed8   L_LSR_8
00008ed4   L_LSR_9
000004c4   MAC
000004da   MAC32H
000004db   MAC32H_H
000004da   MAC32H_L
000004d8   MAC32L
000004d9   MAC32L_H
000004d8   MAC32L_L
000004c6   MACS
000004de   MACS32H
000004df   MACS32H_H
000004de   MACS32H_L
000004dc   MACS32L
000004dd   MACS32L_H
000004dc   MACS32L_L
000004c7   MACS_H
000004c6   MACS_L
000004c5   MAC_H
000004c4   MAC_L
000004c0   MPY
000004ec   MPY32CTL0
000004ed   MPY32CTL0_H
000004ec   MPY32CTL0_L
000004d2   MPY32H
000004d3   MPY32H_H
000004d2   MPY32H_L
000004d0   MPY32L
000004d1   MPY32L_H
000004d0   MPY32L_L
000004c2   MPYS
000004d6   MPYS32H
000004d7   MPYS32H_H
000004d6   MPYS32H_L
000004d4   MPYS32L
000004d5   MPYS32L_H
000004d4   MPYS32L_L
000004c3   MPYS_H
000004c2   MPYS_L
000004c1   MPY_H
000004c0   MPY_L
000004c8   OP2
000004e2   OP2H
000004e3   OP2H_H
000004e2   OP2H_L
000004e0   OP2L
000004e1   OP2L_H
000004e0   OP2L_L
000004c9   OP2_H
000004c8   OP2_L
0000020e   P1IV
0000021e   P2IV
000001e0   P4MAP01
000001e1   P4MAP01_H
000001e0   P4MAP01_L
000001e2   P4MAP23
000001e3   P4MAP23_H
000001e2   P4MAP23_L
000001e4   P4MAP45
000001e5   P4MAP45_H
000001e4   P4MAP45_L
000001e6   P4MAP67
000001e7   P4MAP67_H
000001e6   P4MAP67_L
00000204   PADIR
00000205   PADIR_H
00000204   PADIR_L
00000208   PADS
00000209   PADS_H
00000208   PADS_L
0000021a   PAIE
00000218   PAIES
00000219   PAIES_H
00000218   PAIES_L
0000021b   PAIE_H
0000021a   PAIE_L
0000021c   PAIFG
0000021d   PAIFG_H
0000021c   PAIFG_L
00000200   PAIN
00000201   PAIN_H
00000200   PAIN_L
00000202   PAOUT
00000203   PAOUT_H
00000202   PAOUT_L
00000206   PAREN
00000207   PAREN_H
00000206   PAREN_L
0000020a   PASEL
0000020b   PASEL_H
0000020a   PASEL_L
00000224   PBDIR
00000225   PBDIR_H
00000224   PBDIR_L
00000228   PBDS
00000229   PBDS_H
00000228   PBDS_L
00000220   PBIN
00000221   PBIN_H
00000220   PBIN_L
00000222   PBOUT
00000223   PBOUT_H
00000222   PBOUT_L
00000226   PBREN
00000227   PBREN_H
00000226   PBREN_L
0000022a   PBSEL
0000022b   PBSEL_H
0000022a   PBSEL_L
00000244   PCDIR
00000245   PCDIR_H
00000244   PCDIR_L
00000248   PCDS
00000249   PCDS_H
00000248   PCDS_L
00000240   PCIN
00000241   PCIN_H
00000240   PCIN_L
00000242   PCOUT
00000243   PCOUT_H
00000242   PCOUT_L
00000246   PCREN
00000247   PCREN_H
00000246   PCREN_L
0000024a   PCSEL
0000024b   PCSEL_H
0000024a   PCSEL_L
00000264   PDDIR
00000265   PDDIR_H
00000264   PDDIR_L
00000268   PDDS
00000269   PDDS_H
00000268   PDDS_L
00000260   PDIN
00000261   PDIN_H
00000260   PDIN_L
00000262   PDOUT
00000263   PDOUT_H
00000262   PDOUT_L
00000266   PDREN
00000267   PDREN_H
00000266   PDREN_L
0000026a   PDSEL
0000026b   PDSEL_H
0000026a   PDSEL_L
00000324   PJDIR
00000325   PJDIR_H
00000324   PJDIR_L
00000328   PJDS
00000329   PJDS_H
00000328   PJDS_L
00000320   PJIN
00000321   PJIN_H
00000320   PJIN_L
00000322   PJOUT
00000323   PJOUT_H
00000322   PJOUT_L
00000326   PJREN
00000327   PJREN_H
00000326   PJREN_L
00000130   PM5CTL0
00000131   PM5CTL0_H
00000130   PM5CTL0_L
000001c2   PMAPCTL
000001c3   PMAPCTL_H
000001c2   PMAPCTL_L
000001c0   PMAPKEYID
000001c1   PMAPKEYID_H
000001c0   PMAPKEYID_L
00000120   PMMCTL0
00000121   PMMCTL0_H
00000120   PMMCTL0_L
00000122   PMMCTL1
00000123   PMMCTL1_H
00000122   PMMCTL1_L
0000012c   PMMIFG
0000012d   PMMIFG_H
0000012c   PMMIFG_L
0000012e   PMMRIE
0000012f   PMMRIE_H
0000012e   PMMRIE_L
00004566   Port1_ISR
00000158   RCCTL0
00000159   RCCTL0_H
00000158   RCCTL0_L
000001b0   REFCTL0
000001b1   REFCTL0_H
000001b0   REFCTL0_L
000004e4   RES0
000004e5   RES0_H
000004e4   RES0_L
000004e6   RES1
000004e7   RES1_H
000004e6   RES1_L
000004e8   RES2
000004e9   RES2_H
000004e8   RES2_L
000004ea   RES3
000004eb   RES3_H
000004ea   RES3_L
000004cc   RESHI
000004cd   RESHI_H
000004cc   RESHI_L
000004ca   RESLO
000004cb   RESLO_H
000004ca   RESLO_L
000004ba   RTCADOWDAY
000004bb   RTCADOWDAY_H
000004ba   RTCADOWDAY_L
000004b8   RTCAMINHR
000004b9   RTCAMINHR_H
000004b8   RTCAMINHR_L
000004a0   RTCCTL01
000004a1   RTCCTL01_H
000004a0   RTCCTL01_L
000004a2   RTCCTL23
000004a3   RTCCTL23_H
000004a2   RTCCTL23_L
000004b4   RTCDATE
000004b5   RTCDATE_H
000004b4   RTCDATE_L
000004ae   RTCIV
000004ac   RTCPS
000004a8   RTCPS0CTL
000004a9   RTCPS0CTL_H
000004a8   RTCPS0CTL_L
000004aa   RTCPS1CTL
000004ab   RTCPS1CTL_H
000004aa   RTCPS1CTL_L
000004ad   RTCPS_H
000004ac   RTCPS_L
000004b0   RTCTIM0
000004b1   RTCTIM0_H
000004b0   RTCTIM0_L
000004b2   RTCTIM1
000004b3   RTCTIM1_H
000004b2   RTCTIM1_L
000004b6   RTCYEAR
000004b7   RTCYEAR_H
000004b6   RTCYEAR_L
00000100   SFRIE1
00000101   SFRIE1_H
00000100   SFRIE1_L
00000102   SFRIFG1
00000103   SFRIFG1_H
00000102   SFRIFG1_L
00000104   SFRRPCR
00000105   SFRRPCR_H
00000104   SFRRPCR_L
000004ce   SUMEXT
000004cf   SUMEXT_H
000004ce   SUMEXT_L
00000124   SVSMHCTL
00000125   SVSMHCTL_H
00000124   SVSMHCTL_L
00000128   SVSMIO
00000129   SVSMIO_H
00000128   SVSMIO_L
00000126   SVSMLCTL
00000127   SVSMLCTL_H
00000126   SVSMLCTL_L
00000198   SYSBERRIV
00000199   SYSBERRIV_H
00000198   SYSBERRIV_L
00000182   SYSBSLC
00000183   SYSBSLC_H
00000182   SYSBSLC_L
00000180   SYSCTL
00000181   SYSCTL_H
00000180   SYSCTL_L
00000186   SYSJMBC
00000187   SYSJMBC_H
00000186   SYSJMBC_L
00000188   SYSJMBI0
00000189   SYSJMBI0_H
00000188   SYSJMBI0_L
0000018a   SYSJMBI1
0000018b   SYSJMBI1_H
0000018a   SYSJMBI1_L
0000018c   SYSJMBO0
0000018d   SYSJMBO0_H
0000018c   SYSJMBO0_L
0000018e   SYSJMBO1
0000018f   SYSJMBO1_H
0000018e   SYSJMBO1_L
0000019e   SYSRSTIV
0000019f   SYSRSTIV_H
0000019e   SYSRSTIV_L
0000019c   SYSSNIV
0000019d   SYSSNIV_H
0000019c   SYSSNIV_L
0000019a   SYSUNIV
0000019b   SYSUNIV_H
0000019a   SYSUNIV_L
00008d3e   SetVCore
000098c2   SimpleLinkGeneralEventHandler
000098cc   SimpleLinkHttpServerCallback
00009358   SimpleLinkNetAppEventHandler
00008bee   SimpleLinkSockEventHandler
00008506   SimpleLinkWlanEventHandler
00000352   TA0CCR0
00000354   TA0CCR1
00000356   TA0CCR2
00000358   TA0CCR3
0000035a   TA0CCR4
00000342   TA0CCTL0
00000344   TA0CCTL1
00000346   TA0CCTL2
00000348   TA0CCTL3
0000034a   TA0CCTL4
00000340   TA0CTL
00000360   TA0EX0
0000036e   TA0IV
00000350   TA0R
00000392   TA1CCR0
00000394   TA1CCR1
00000396   TA1CCR2
00000382   TA1CCTL0
00000384   TA1CCTL1
00000386   TA1CCTL2
00000380   TA1CTL
000003a0   TA1EX0
000003ae   TA1IV
00000390   TA1R
00000412   TA2CCR0
00000414   TA2CCR1
00000416   TA2CCR2
00000402   TA2CCTL0
00000404   TA2CCTL1
00000406   TA2CCTL2
00000400   TA2CTL
00000420   TA2EX0
0000042e   TA2IV
00000410   TA2R
000003d2   TB0CCR0
000003d4   TB0CCR1
000003d6   TB0CCR2
000003d8   TB0CCR3
000003da   TB0CCR4
000003dc   TB0CCR5
000003de   TB0CCR6
000003c2   TB0CCTL0
000003c4   TB0CCTL1
000003c6   TB0CCTL2
000003c8   TB0CCTL3
000003ca   TB0CCTL4
000003cc   TB0CCTL5
000003ce   TB0CCTL6
000003c0   TB0CTL
000003e0   TB0EX0
000003ee   TB0IV
000003d0   TB0R
0000454a   Timer_A
00004570   Trap_ISR
000044fa   UART_ISR
000005d0   UCA0ABCTL
000005c6   UCA0BRW
000005c7   UCA0BRW_H
000005c6   UCA0BRW_L
000005c0   UCA0CTLW0
000005c1   UCA0CTLW0_H
000005c0   UCA0CTLW0_L
000005dc   UCA0ICTL
000005dd   UCA0ICTL_H
000005dc   UCA0ICTL_L
000005d2   UCA0IRCTL
000005d3   UCA0IRCTL_H
000005d2   UCA0IRCTL_L
000005de   UCA0IV
000005c8   UCA0MCTL
000005cc   UCA0RXBUF
000005ca   UCA0STAT
000005ce   UCA0TXBUF
00000610   UCA1ABCTL
00000606   UCA1BRW
00000607   UCA1BRW_H
00000606   UCA1BRW_L
00000600   UCA1CTLW0
00000601   UCA1CTLW0_H
00000600   UCA1CTLW0_L
0000061c   UCA1ICTL
0000061d   UCA1ICTL_H
0000061c   UCA1ICTL_L
00000612   UCA1IRCTL
00000613   UCA1IRCTL_H
00000612   UCA1IRCTL_L
0000061e   UCA1IV
00000608   UCA1MCTL
0000060c   UCA1RXBUF
0000060a   UCA1STAT
0000060e   UCA1TXBUF
000005e6   UCB0BRW
000005e7   UCB0BRW_H
000005e6   UCB0BRW_L
000005e0   UCB0CTLW0
000005e1   UCB0CTLW0_H
000005e0   UCB0CTLW0_L
000005f0   UCB0I2COA
000005f1   UCB0I2COA_H
000005f0   UCB0I2COA_L
000005f2   UCB0I2CSA
000005f3   UCB0I2CSA_H
000005f2   UCB0I2CSA_L
000005fc   UCB0ICTL
000005fd   UCB0ICTL_H
000005fc   UCB0ICTL_L
000005fe   UCB0IV
000005ec   UCB0RXBUF
000005ea   UCB0STAT
000005ee   UCB0TXBUF
00000626   UCB1BRW
00000627   UCB1BRW_H
00000626   UCB1BRW_L
00000620   UCB1CTLW0
00000621   UCB1CTLW0_H
00000620   UCB1CTLW0_L
00000630   UCB1I2COA
00000631   UCB1I2COA_H
00000630   UCB1I2COA_L
00000632   UCB1I2CSA
00000633   UCB1I2CSA_H
00000632   UCB1I2CSA_L
0000063c   UCB1ICTL
0000063d   UCB1ICTL_H
0000063c   UCB1ICTL_L
0000063e   UCB1IV
0000062c   UCB1RXBUF
0000062a   UCB1STAT
0000062e   UCB1TXBUF
00000160   UCSCTL0
00000161   UCSCTL0_H
00000160   UCSCTL0_L
00000162   UCSCTL1
00000163   UCSCTL1_H
00000162   UCSCTL1_L
00000164   UCSCTL2
00000165   UCSCTL2_H
00000164   UCSCTL2_L
00000166   UCSCTL3
00000167   UCSCTL3_H
00000166   UCSCTL3_L
00000168   UCSCTL4
00000169   UCSCTL4_H
00000168   UCSCTL4_L
0000016a   UCSCTL5
0000016b   UCSCTL5_H
0000016a   UCSCTL5_L
0000016c   UCSCTL6
0000016d   UCSCTL6_H
0000016c   UCSCTL6_L
0000016e   UCSCTL7
0000016f   UCSCTL7_H
0000016e   UCSCTL7_L
00000170   UCSCTL8
00000171   UCSCTL8_H
00000170   UCSCTL8_L
00000902   USBCNF
00000903   USBCNF_H
00000902   USBCNF_L
0000093c   USBCTL
0000093a   USBFN
0000093b   USBFN_H
0000093a   USBFN_L
0000093f   USBFUNADR
0000093d   USBIE
00002378   USBIEP0BUF
000023c9   USBIEPBBAX_1
000023d1   USBIEPBBAX_2
000023d9   USBIEPBBAX_3
000023e1   USBIEPBBAX_4
000023e9   USBIEPBBAX_5
000023f1   USBIEPBBAX_6
000023f9   USBIEPBBAX_7
000023cd   USBIEPBBAY_1
000023d5   USBIEPBBAY_2
000023dd   USBIEPBBAY_3
000023e5   USBIEPBBAY_4
000023ed   USBIEPBBAY_5
000023f5   USBIEPBBAY_6
000023fd   USBIEPBBAY_7
000023ca   USBIEPBCTX_1
000023d2   USBIEPBCTX_2
000023da   USBIEPBCTX_3
000023e2   USBIEPBCTX_4
000023ea   USBIEPBCTX_5
000023f2   USBIEPBCTX_6
000023fa   USBIEPBCTX_7
000023ce   USBIEPBCTY_1
000023d6   USBIEPBCTY_2
000023de   USBIEPBCTY_3
000023e6   USBIEPBCTY_4
000023ee   USBIEPBCTY_5
000023f6   USBIEPBCTY_6
000023fe   USBIEPBCTY_7
00000920   USBIEPCNF_0
000023c8   USBIEPCNF_1
000023d0   USBIEPCNF_2
000023d8   USBIEPCNF_3
000023e0   USBIEPCNF_4
000023e8   USBIEPCNF_5
000023f0   USBIEPCNF_6
000023f8   USBIEPCNF_7
00000921   USBIEPCNT_0
0000092e   USBIEPIE
00000930   USBIEPIFG
000023cf   USBIEPSIZXY_1
000023d7   USBIEPSIZXY_2
000023df   USBIEPSIZXY_3
000023e7   USBIEPSIZXY_4
000023ef   USBIEPSIZXY_5
000023f7   USBIEPSIZXY_6
000023ff   USBIEPSIZXY_7
0000093e   USBIFG
00000900   USBKEYID
00000901   USBKEYID_H
00000900   USBKEYID_L
00000936   USBMAINT
00000937   USBMAINT_H
00000936   USBMAINT_L
00002370   USBOEP0BUF
00002389   USBOEPBBAX_1
00002391   USBOEPBBAX_2
00002399   USBOEPBBAX_3
000023a1   USBOEPBBAX_4
000023a9   USBOEPBBAX_5
000023b1   USBOEPBBAX_6
000023b9   USBOEPBBAX_7
0000238d   USBOEPBBAY_1
00002395   USBOEPBBAY_2
0000239d   USBOEPBBAY_3
000023a5   USBOEPBBAY_4
000023ad   USBOEPBBAY_5
000023b5   USBOEPBBAY_6
000023bd   USBOEPBBAY_7
0000238a   USBOEPBCTX_1
00002392   USBOEPBCTX_2
0000239a   USBOEPBCTX_3
000023a2   USBOEPBCTX_4
000023aa   USBOEPBCTX_5
000023b2   USBOEPBCTX_6
000023ba   USBOEPBCTX_7
0000238e   USBOEPBCTY_1
00002396   USBOEPBCTY_2
0000239e   USBOEPBCTY_3
000023a6   USBOEPBCTY_4
000023ae   USBOEPBCTY_5
000023b6   USBOEPBCTY_6
000023be   USBOEPBCTY_7
00000922   USBOEPCNF_0
00002388   USBOEPCNF_1
00002390   USBOEPCNF_2
00002398   USBOEPCNF_3
000023a0   USBOEPCNF_4
000023a8   USBOEPCNF_5
000023b0   USBOEPCNF_6
000023b8   USBOEPCNF_7
00000923   USBOEPCNT_0
0000092f   USBOEPIE
00000931   USBOEPIFG
0000238f   USBOEPSIZXY_1
00002397   USBOEPSIZXY_2
0000239f   USBOEPSIZXY_3
000023a7   USBOEPSIZXY_4
000023af   USBOEPSIZXY_5
000023b7   USBOEPSIZXY_6
000023bf   USBOEPSIZXY_7
00000904   USBPHYCTL
00000905   USBPHYCTL_H
00000904   USBPHYCTL_L
00000910   USBPLLCTL
00000911   USBPLLCTL_H
00000910   USBPLLCTL_L
00000912   USBPLLDIVB
00000913   USBPLLDIVB_H
00000912   USBPLLDIVB_L
00000914   USBPLLIR
00000915   USBPLLIR_H
00000914   USBPLLIR_L
00000908   USBPWRCTL
00000909   USBPWRCTL_H
00000908   USBPWRCTL_L
00001c00   USBSTABUFF
00002380   USBSUBLK
0000236f   USBTOPBUFF
00000938   USBTSREG
00000939   USBTSREG_H
00000938   USBTSREG_L
00000932   USBVECINT
00000933   USBVECINT_H
00000932   USBVECINT_L
0000015c   WDTCTL
0000015d   WDTCTL_H
0000015c   WDTCTL_L
00002fba   _CIOBUF_
0000a11e   _SlAcceptCmdCtrl
0000a0d2   _SlActionLookupTable
00004574   _SlAsyncEventGenericHandler
0000a1aa   _SlDeviceGetCmdCtrl
0000a1ae   _SlDeviceSetCmdCtrl
000091c6   _SlDrvBasicCmd
00006e98   _SlDrvClassifyRxMsg
00007020   _SlDrvCmdOp
00009594   _SlDrvCmdSend
00005598   _SlDrvDataReadOp
00005df2   _SlDrvDataWriteOp
00008c32   _SlDrvDeviceEventHandler
00007ff4   _SlDrvDriverCBDeinit
00006dce   _SlDrvDriverCBInit
00009262   _SlDrvFlowContDeinit
000090ba   _SlDrvFlowContInit
00004a56   _SlDrvMsgRead
00006f5c   _SlDrvMsgReadCmdCtx
0000747e   _SlDrvMsgReadSpawnCtx
0000610e   _SlDrvMsgWrite
00006994   _SlDrvNetAppEventHandler
00009756   _SlDrvObjDeInit
000086e2   _SlDrvObjInit
00005f8a   _SlDrvReleasePoolObj
0000590c   _SlDrvRxHdrRead
00008fa8   _SlDrvRxIrqHandler
00009606   _SlDrvShiftDWord
00005760   _SlDrvWaitForPoolObj
0000a1a6   _SlEventMaskGetCmdCtrl
0000a1a2   _SlEventMaskSetCmdCtrl
00006b54   _SlFindAndSetActiveObj
0000a16a   _SlFsCloseCmdCtrl
0000a17a   _SlFsDeleteCmdCtrl
0000a176   _SlFsGetInfoCmdCtrl
0000a166   _SlFsOpenCmdCtrl
0000a16e   _SlFsReadCmdCtrl
0000a172   _SlFsWriteCmdCtrl
0000a152   _SlGetHostByNameCtrl
0000a14e   _SlGetHostByServiceCtrl
0000a146   _SlGetServiceListeCtrl
0000a12a   _SlGetSockOptCmdCtrl
0000a11a   _SlListenCmdCtrl
0000a15e   _SlNetAppGetCmdCtrl
0000a15a   _SlNetAppSendTokenValueCmdCtrl
0000a156   _SlNetAppSetCmdCtrl
0000a13e   _SlNetAppStartCtrl
0000a142   _SlNetAppStopCtrl
0000a1d2   _SlNetCfgGetCmdCtrl
0000a1ce   _SlNetCfgSetCmdCtrl
00008b1a   _SlNonOsMainLoopTask
000091fa   _SlNonOsSemGet
00009904   _SlNonOsSemSet
00008efa   _SlNonOsSpawn
00009fa4   _SlPolicyGetCmdCtrl
00009fa0   _SlPolicySetCmdCtrl
00009fac   _SlProfileDelCmdCtrl
00009fa8   _SlProfileGetCmdCtrl
0000a122   _SlRecvCmdCtrl
0000a112   _SlRecvfomCmdCtrl
0000a14a   _SlRegisterServiceCtrl
00008156   _SlRemoveFromList
00009fb4   _SlRxFilterAddtCmdCtrl
00009fbc   _SlRxFilterGetCmdCtrl
00009fb8   _SlRxFilterSetCmdCtrl
0000a12e   _SlSelectCmdCtrl
0000a116   _SlSendCmdCtrl
0000a126   _SlSetSockOptCmdCtrl
00009fc0   _SlSmartConfigStartCmdCtrl
0000a10e   _SlSockCloseCmdCtrl
0000a10a   _SlSockSocketCmdCtrl
0000a19e   _SlStopCmdCtrl
00009fcc   _SlWlanCfgGetCmdCtrl
00009fc8   _SlWlanCfgSetCmdCtrl
00009fb0   _SlWlanGetNetworkListCtrl
00009fc4   _SlWlanSetModeCmdCtrl
00004400   __STACK_END
00000154   __STACK_SIZE
00000004   __SYSMEM_SIZE
00000001   __TI_args_main
00000001   __TI_auto_init
00009294   __TI_cleanup
00002f90   __TI_cleanup_ptr
0000836e   __TI_closefile
00008568   __TI_doflush
00002f94   __TI_dtors_ptr
00000001   __TI_exit
00002ec4   __TI_ft_end
0000ffd2   __TI_int41
0000ffd4   __TI_int42
0000ffd6   __TI_int43
0000ffd8   __TI_int44
0000ffda   __TI_int45
0000ffdc   __TI_int46
0000ffde   __TI_int47
0000ffe0   __TI_int48
0000ffe2   __TI_int49
0000ffe4   __TI_int50
0000ffe6   __TI_int51
0000ffe8   __TI_int52
0000ffea   __TI_int53
0000ffec   __TI_int54
0000ffee   __TI_int55
0000fff0   __TI_int56
0000fff2   __TI_int57
0000fff4   __TI_int58
0000fff6   __TI_int59
0000fff8   __TI_int60
0000fffa   __TI_int61
0000fffc   __TI_int62
000070e0   __TI_printfi_minimal
0000946a   __TI_readmsg
00002e24   __TI_tmpnams
00009386   __TI_writemsg
00007e88   __TI_wrt_ok
ffffffff   __binit__
00002400   __bss__
ffffffff   __c_args__
00004400   __cinit__
00002400   __data__
00009496   __divi
0000980e   __divu
000087f4   __divul
00002400   __edata__
00002fba   __end__
ffffffff   __etext__
0000626c   __fs_add
00007be0   __fs_div
00009126   __fs_itof
00007316   __fs_mpy
00006266   __fs_sub
000083d6   __fs_toi
00009824   __mpyi_f5hw
00009694   __mpyl_f5hw
ffffffff   __pinit__
00009496   __remi
0000980e   __remu
000087f4   __remul
ffffffff   __text__
0000873e   _auto_init_hold_wdt
000044c2   _c_int00
000044c2   _c_int00_noargs
00009e9e   _ctypes_
00002dac   _ftable
00002f88   _lock
00009946   _nop
0000fffe   _reset_vector
00008cfc   _sl_BuildAddress
00007f7c   _sl_GetStartResponseConvert
00007cfa   _sl_HandleAsync_Accept
0000786c   _sl_HandleAsync_Connect
00007730   _sl_HandleAsync_DnsGetHostByName
0000799c   _sl_HandleAsync_DnsGetHostByService
0000752e   _sl_HandleAsync_InitComplete
0000768a   _sl_HandleAsync_PingResponse
0000806a   _sl_HandleAsync_Select
000080e0   _sl_HandleAsync_Stop
00007b52   _sl_TruncatePayloadByProtocol
000042ac   _stack
000030dc   _sys_memory
0000993a   _system_pre_init
00002f8c   _unlock
0000993e   abort
00002fac   andrew_data
00002fa8   andrew_temp
0000843e   atol
ffffffff   binit
00004400   cinit
00002fb6   cli_have_cmd
00008ad0   close
0000899a   convert
00002404   currentTask
00002400   edata
00002fba   end
ffffffff   etext
000093e2   exit
00002c76   flag
00007c6e   fputc
00006a76   fputs
00007e08   free
0000829a   fseek
00002daa   gFirstCmdMode
00002608   g_AppData
0000a1ba   g_H2NCnysPattern
0000a1b2   g_H2NSyncPattern
00002c78   g_StatMem
00002400   g_Status
00002f6a   g__SlNonOsCB
00002da4   g_pCB
00002fb4   g_ucUARTBuffer
000092f8   initClk
00007260   ir_transmit
00008628   itoa
000095ba   lseek
00008a84   main
000075de   malloc
00005ab2   manageStates
00009930   markEmpty
00009774   memccpy
0000983a   memchr
00009876   memcpy
0000984e   memset
00008fe0   minit
00002fae   pIraEventHandler
00002da6   pPingCallBackFunc
00004eb0   parseCode
ffffffff   pinit
000095e0   port_setup
00008dbe   printf
00007c6e   putc
0000990c   registerInterruptHandler
00009942   remove
000090f0   reverse
00009888   sample
00006d02   setvbuf
000096d6   sl_Close
00006396   sl_Connect
00007ac0   sl_DevGet
00008dfe   sl_Htonl
0000956c   sl_Htons
000065bc   sl_NetAppDnsGetHostByName
000071a0   sl_NetAppMDNSRegisterUnregisterService
0000962a   sl_NetAppMDNSUnRegisterService
0000879a   sl_NetAppSendTokenValue
0000884c   sl_NetCfgSet
00008c76   sl_Recv
000073cc   sl_Send
0000922e   sl_Socket
000066c4   sl_Start
000067be   sl_Stop
000051b4   sl_WlanConnect
000098ea   sl_WlanDisconnect
00008e3e   sl_WlanPolicySet
000096f6   sl_WlanProfileDel
00008f36   sl_WlanRxFilterSet
00008b62   sl_WlanSet
00009716   sl_WlanSetMode
00009914   spi_Close
00008304   spi_Open
000092c6   spi_Read
00009518   spi_Write
0000991c   stopWDT
000097c4   strcat
000097de   strchr
000097f6   strcmp
0000989a   strcpy
00009736   stringCopy
000098aa   strlen
000094c2   strncpy
0000915c   strstr
00002c72   thisMachine
00009862   timer_setup
00009542   unlink
0000964e   write


GLOBAL SYMBOLS: SORTED BY Symbol Address 

address    name
--------   ----
00000001   __TI_args_main
00000001   __TI_auto_init
00000001   __TI_exit
00000004   __SYSMEM_SIZE
00000100   SFRIE1
00000100   SFRIE1_L
00000101   SFRIE1_H
00000102   SFRIFG1
00000102   SFRIFG1_L
00000103   SFRIFG1_H
00000104   SFRRPCR
00000104   SFRRPCR_L
00000105   SFRRPCR_H
00000120   PMMCTL0
00000120   PMMCTL0_L
00000121   PMMCTL0_H
00000122   PMMCTL1
00000122   PMMCTL1_L
00000123   PMMCTL1_H
00000124   SVSMHCTL
00000124   SVSMHCTL_L
00000125   SVSMHCTL_H
00000126   SVSMLCTL
00000126   SVSMLCTL_L
00000127   SVSMLCTL_H
00000128   SVSMIO
00000128   SVSMIO_L
00000129   SVSMIO_H
0000012c   PMMIFG
0000012c   PMMIFG_L
0000012d   PMMIFG_H
0000012e   PMMRIE
0000012e   PMMRIE_L
0000012f   PMMRIE_H
00000130   PM5CTL0
00000130   PM5CTL0_L
00000131   PM5CTL0_H
00000140   FCTL1
00000140   FCTL1_L
00000141   FCTL1_H
00000144   FCTL3
00000144   FCTL3_L
00000145   FCTL3_H
00000146   FCTL4
00000146   FCTL4_L
00000147   FCTL4_H
00000150   CRCDI
00000150   CRCDI_L
00000151   CRCDI_H
00000152   CRCDIRB
00000152   CRCDIRB_L
00000153   CRCDIRB_H
00000154   CRCINIRES
00000154   CRCINIRES_L
00000154   __STACK_SIZE
00000155   CRCINIRES_H
00000156   CRCRESR
00000156   CRCRESR_L
00000157   CRCRESR_H
00000158   RCCTL0
00000158   RCCTL0_L
00000159   RCCTL0_H
0000015c   WDTCTL
0000015c   WDTCTL_L
0000015d   WDTCTL_H
00000160   UCSCTL0
00000160   UCSCTL0_L
00000161   UCSCTL0_H
00000162   UCSCTL1
00000162   UCSCTL1_L
00000163   UCSCTL1_H
00000164   UCSCTL2
00000164   UCSCTL2_L
00000165   UCSCTL2_H
00000166   UCSCTL3
00000166   UCSCTL3_L
00000167   UCSCTL3_H
00000168   UCSCTL4
00000168   UCSCTL4_L
00000169   UCSCTL4_H
0000016a   UCSCTL5
0000016a   UCSCTL5_L
0000016b   UCSCTL5_H
0000016c   UCSCTL6
0000016c   UCSCTL6_L
0000016d   UCSCTL6_H
0000016e   UCSCTL7
0000016e   UCSCTL7_L
0000016f   UCSCTL7_H
00000170   UCSCTL8
00000170   UCSCTL8_L
00000171   UCSCTL8_H
00000180   SYSCTL
00000180   SYSCTL_L
00000181   SYSCTL_H
00000182   SYSBSLC
00000182   SYSBSLC_L
00000183   SYSBSLC_H
00000186   SYSJMBC
00000186   SYSJMBC_L
00000187   SYSJMBC_H
00000188   SYSJMBI0
00000188   SYSJMBI0_L
00000189   SYSJMBI0_H
0000018a   SYSJMBI1
0000018a   SYSJMBI1_L
0000018b   SYSJMBI1_H
0000018c   SYSJMBO0
0000018c   SYSJMBO0_L
0000018d   SYSJMBO0_H
0000018e   SYSJMBO1
0000018e   SYSJMBO1_L
0000018f   SYSJMBO1_H
00000198   SYSBERRIV
00000198   SYSBERRIV_L
00000199   SYSBERRIV_H
0000019a   SYSUNIV
0000019a   SYSUNIV_L
0000019b   SYSUNIV_H
0000019c   SYSSNIV
0000019c   SYSSNIV_L
0000019d   SYSSNIV_H
0000019e   SYSRSTIV
0000019e   SYSRSTIV_L
0000019f   SYSRSTIV_H
000001b0   REFCTL0
000001b0   REFCTL0_L
000001b1   REFCTL0_H
000001c0   PMAPKEYID
000001c0   PMAPKEYID_L
000001c1   PMAPKEYID_H
000001c2   PMAPCTL
000001c2   PMAPCTL_L
000001c3   PMAPCTL_H
000001e0   P4MAP01
000001e0   P4MAP01_L
000001e1   P4MAP01_H
000001e2   P4MAP23
000001e2   P4MAP23_L
000001e3   P4MAP23_H
000001e4   P4MAP45
000001e4   P4MAP45_L
000001e5   P4MAP45_H
000001e6   P4MAP67
000001e6   P4MAP67_L
000001e7   P4MAP67_H
00000200   PAIN
00000200   PAIN_L
00000201   PAIN_H
00000202   PAOUT
00000202   PAOUT_L
00000203   PAOUT_H
00000204   PADIR
00000204   PADIR_L
00000205   PADIR_H
00000206   PAREN
00000206   PAREN_L
00000207   PAREN_H
00000208   PADS
00000208   PADS_L
00000209   PADS_H
0000020a   PASEL
0000020a   PASEL_L
0000020b   PASEL_H
0000020e   P1IV
00000218   PAIES
00000218   PAIES_L
00000219   PAIES_H
0000021a   PAIE
0000021a   PAIE_L
0000021b   PAIE_H
0000021c   PAIFG
0000021c   PAIFG_L
0000021d   PAIFG_H
0000021e   P2IV
00000220   PBIN
00000220   PBIN_L
00000221   PBIN_H
00000222   PBOUT
00000222   PBOUT_L
00000223   PBOUT_H
00000224   PBDIR
00000224   PBDIR_L
00000225   PBDIR_H
00000226   PBREN
00000226   PBREN_L
00000227   PBREN_H
00000228   PBDS
00000228   PBDS_L
00000229   PBDS_H
0000022a   PBSEL
0000022a   PBSEL_L
0000022b   PBSEL_H
00000240   PCIN
00000240   PCIN_L
00000241   PCIN_H
00000242   PCOUT
00000242   PCOUT_L
00000243   PCOUT_H
00000244   PCDIR
00000244   PCDIR_L
00000245   PCDIR_H
00000246   PCREN
00000246   PCREN_L
00000247   PCREN_H
00000248   PCDS
00000248   PCDS_L
00000249   PCDS_H
0000024a   PCSEL
0000024a   PCSEL_L
0000024b   PCSEL_H
00000260   PDIN
00000260   PDIN_L
00000261   PDIN_H
00000262   PDOUT
00000262   PDOUT_L
00000263   PDOUT_H
00000264   PDDIR
00000264   PDDIR_L
00000265   PDDIR_H
00000266   PDREN
00000266   PDREN_L
00000267   PDREN_H
00000268   PDDS
00000268   PDDS_L
00000269   PDDS_H
0000026a   PDSEL
0000026a   PDSEL_L
0000026b   PDSEL_H
00000320   PJIN
00000320   PJIN_L
00000321   PJIN_H
00000322   PJOUT
00000322   PJOUT_L
00000323   PJOUT_H
00000324   PJDIR
00000324   PJDIR_L
00000325   PJDIR_H
00000326   PJREN
00000326   PJREN_L
00000327   PJREN_H
00000328   PJDS
00000328   PJDS_L
00000329   PJDS_H
00000340   TA0CTL
00000342   TA0CCTL0
00000344   TA0CCTL1
00000346   TA0CCTL2
00000348   TA0CCTL3
0000034a   TA0CCTL4
00000350   TA0R
00000352   TA0CCR0
00000354   TA0CCR1
00000356   TA0CCR2
00000358   TA0CCR3
0000035a   TA0CCR4
00000360   TA0EX0
0000036e   TA0IV
00000380   TA1CTL
00000382   TA1CCTL0
00000384   TA1CCTL1
00000386   TA1CCTL2
00000390   TA1R
00000392   TA1CCR0
00000394   TA1CCR1
00000396   TA1CCR2
000003a0   TA1EX0
000003ae   TA1IV
000003c0   TB0CTL
000003c2   TB0CCTL0
000003c4   TB0CCTL1
000003c6   TB0CCTL2
000003c8   TB0CCTL3
000003ca   TB0CCTL4
000003cc   TB0CCTL5
000003ce   TB0CCTL6
000003d0   TB0R
000003d2   TB0CCR0
000003d4   TB0CCR1
000003d6   TB0CCR2
000003d8   TB0CCR3
000003da   TB0CCR4
000003dc   TB0CCR5
000003de   TB0CCR6
000003e0   TB0EX0
000003ee   TB0IV
00000400   TA2CTL
00000402   TA2CCTL0
00000404   TA2CCTL1
00000406   TA2CCTL2
00000410   TA2R
00000412   TA2CCR0
00000414   TA2CCR1
00000416   TA2CCR2
00000420   TA2EX0
0000042e   TA2IV
000004a0   RTCCTL01
000004a0   RTCCTL01_L
000004a1   RTCCTL01_H
000004a2   RTCCTL23
000004a2   RTCCTL23_L
000004a3   RTCCTL23_H
000004a8   RTCPS0CTL
000004a8   RTCPS0CTL_L
000004a9   RTCPS0CTL_H
000004aa   RTCPS1CTL
000004aa   RTCPS1CTL_L
000004ab   RTCPS1CTL_H
000004ac   RTCPS
000004ac   RTCPS_L
000004ad   RTCPS_H
000004ae   RTCIV
000004b0   RTCTIM0
000004b0   RTCTIM0_L
000004b1   RTCTIM0_H
000004b2   RTCTIM1
000004b2   RTCTIM1_L
000004b3   RTCTIM1_H
000004b4   RTCDATE
000004b4   RTCDATE_L
000004b5   RTCDATE_H
000004b6   RTCYEAR
000004b6   RTCYEAR_L
000004b7   RTCYEAR_H
000004b8   RTCAMINHR
000004b8   RTCAMINHR_L
000004b9   RTCAMINHR_H
000004ba   RTCADOWDAY
000004ba   RTCADOWDAY_L
000004bb   RTCADOWDAY_H
000004c0   MPY
000004c0   MPY_L
000004c1   MPY_H
000004c2   MPYS
000004c2   MPYS_L
000004c3   MPYS_H
000004c4   MAC
000004c4   MAC_L
000004c5   MAC_H
000004c6   MACS
000004c6   MACS_L
000004c7   MACS_H
000004c8   OP2
000004c8   OP2_L
000004c9   OP2_H
000004ca   RESLO
000004ca   RESLO_L
000004cb   RESLO_H
000004cc   RESHI
000004cc   RESHI_L
000004cd   RESHI_H
000004ce   SUMEXT
000004ce   SUMEXT_L
000004cf   SUMEXT_H
000004d0   MPY32L
000004d0   MPY32L_L
000004d1   MPY32L_H
000004d2   MPY32H
000004d2   MPY32H_L
000004d3   MPY32H_H
000004d4   MPYS32L
000004d4   MPYS32L_L
000004d5   MPYS32L_H
000004d6   MPYS32H
000004d6   MPYS32H_L
000004d7   MPYS32H_H
000004d8   MAC32L
000004d8   MAC32L_L
000004d9   MAC32L_H
000004da   MAC32H
000004da   MAC32H_L
000004db   MAC32H_H
000004dc   MACS32L
000004dc   MACS32L_L
000004dd   MACS32L_H
000004de   MACS32H
000004de   MACS32H_L
000004df   MACS32H_H
000004e0   OP2L
000004e0   OP2L_L
000004e1   OP2L_H
000004e2   OP2H
000004e2   OP2H_L
000004e3   OP2H_H
000004e4   RES0
000004e4   RES0_L
000004e5   RES0_H
000004e6   RES1
000004e6   RES1_L
000004e7   RES1_H
000004e8   RES2
000004e8   RES2_L
000004e9   RES2_H
000004ea   RES3
000004ea   RES3_L
000004eb   RES3_H
000004ec   MPY32CTL0
000004ec   MPY32CTL0_L
000004ed   MPY32CTL0_H
00000500   DMACTL0
00000500   DMACTL0_L
00000501   DMACTL0_H
00000502   DMACTL1
00000502   DMACTL1_L
00000503   DMACTL1_H
00000504   DMACTL2
00000504   DMACTL2_L
00000505   DMACTL2_H
00000506   DMACTL3
00000506   DMACTL3_L
00000507   DMACTL3_H
00000508   DMACTL4
00000508   DMACTL4_L
00000509   DMACTL4_H
0000050e   DMAIV
0000050e   DMAIV_L
0000050f   DMAIV_H
00000510   DMA0CTL
00000510   DMA0CTL_L
00000511   DMA0CTL_H
00000512   DMA0SA
00000512   DMA0SAL
00000516   DMA0DA
00000516   DMA0DAL
0000051a   DMA0SZ
00000520   DMA1CTL
00000520   DMA1CTL_L
00000521   DMA1CTL_H
00000522   DMA1SA
00000522   DMA1SAL
00000526   DMA1DA
00000526   DMA1DAL
0000052a   DMA1SZ
00000530   DMA2CTL
00000530   DMA2CTL_L
00000531   DMA2CTL_H
00000532   DMA2SA
00000532   DMA2SAL
00000536   DMA2DA
00000536   DMA2DAL
0000053a   DMA2SZ
000005c0   UCA0CTLW0
000005c0   UCA0CTLW0_L
000005c1   UCA0CTLW0_H
000005c6   UCA0BRW
000005c6   UCA0BRW_L
000005c7   UCA0BRW_H
000005c8   UCA0MCTL
000005ca   UCA0STAT
000005cc   UCA0RXBUF
000005ce   UCA0TXBUF
000005d0   UCA0ABCTL
000005d2   UCA0IRCTL
000005d2   UCA0IRCTL_L
000005d3   UCA0IRCTL_H
000005dc   UCA0ICTL
000005dc   UCA0ICTL_L
000005dd   UCA0ICTL_H
000005de   UCA0IV
000005e0   UCB0CTLW0
000005e0   UCB0CTLW0_L
000005e1   UCB0CTLW0_H
000005e6   UCB0BRW
000005e6   UCB0BRW_L
000005e7   UCB0BRW_H
000005ea   UCB0STAT
000005ec   UCB0RXBUF
000005ee   UCB0TXBUF
000005f0   UCB0I2COA
000005f0   UCB0I2COA_L
000005f1   UCB0I2COA_H
000005f2   UCB0I2CSA
000005f2   UCB0I2CSA_L
000005f3   UCB0I2CSA_H
000005fc   UCB0ICTL
000005fc   UCB0ICTL_L
000005fd   UCB0ICTL_H
000005fe   UCB0IV
00000600   UCA1CTLW0
00000600   UCA1CTLW0_L
00000601   UCA1CTLW0_H
00000606   UCA1BRW
00000606   UCA1BRW_L
00000607   UCA1BRW_H
00000608   UCA1MCTL
0000060a   UCA1STAT
0000060c   UCA1RXBUF
0000060e   UCA1TXBUF
00000610   UCA1ABCTL
00000612   UCA1IRCTL
00000612   UCA1IRCTL_L
00000613   UCA1IRCTL_H
0000061c   UCA1ICTL
0000061c   UCA1ICTL_L
0000061d   UCA1ICTL_H
0000061e   UCA1IV
00000620   UCB1CTLW0
00000620   UCB1CTLW0_L
00000621   UCB1CTLW0_H
00000626   UCB1BRW
00000626   UCB1BRW_L
00000627   UCB1BRW_H
0000062a   UCB1STAT
0000062c   UCB1RXBUF
0000062e   UCB1TXBUF
00000630   UCB1I2COA
00000630   UCB1I2COA_L
00000631   UCB1I2COA_H
00000632   UCB1I2CSA
00000632   UCB1I2CSA_L
00000633   UCB1I2CSA_H
0000063c   UCB1ICTL
0000063c   UCB1ICTL_L
0000063d   UCB1ICTL_H
0000063e   UCB1IV
00000700   ADC12CTL0
00000700   ADC12CTL0_L
00000701   ADC12CTL0_H
00000702   ADC12CTL1
00000702   ADC12CTL1_L
00000703   ADC12CTL1_H
00000704   ADC12CTL2
00000704   ADC12CTL2_L
00000705   ADC12CTL2_H
0000070a   ADC12IFG
0000070a   ADC12IFG_L
0000070b   ADC12IFG_H
0000070c   ADC12IE
0000070c   ADC12IE_L
0000070d   ADC12IE_H
0000070e   ADC12IV
0000070e   ADC12IV_L
0000070f   ADC12IV_H
00000710   ADC12MCTL0
00000711   ADC12MCTL1
00000712   ADC12MCTL2
00000713   ADC12MCTL3
00000714   ADC12MCTL4
00000715   ADC12MCTL5
00000716   ADC12MCTL6
00000717   ADC12MCTL7
00000718   ADC12MCTL8
00000719   ADC12MCTL9
0000071a   ADC12MCTL10
0000071b   ADC12MCTL11
0000071c   ADC12MCTL12
0000071d   ADC12MCTL13
0000071e   ADC12MCTL14
0000071f   ADC12MCTL15
00000720   ADC12MEM0
00000720   ADC12MEM0_L
00000721   ADC12MEM0_H
00000722   ADC12MEM1
00000722   ADC12MEM1_L
00000723   ADC12MEM1_H
00000724   ADC12MEM2
00000724   ADC12MEM2_L
00000725   ADC12MEM2_H
00000726   ADC12MEM3
00000726   ADC12MEM3_L
00000727   ADC12MEM3_H
00000728   ADC12MEM4
00000728   ADC12MEM4_L
00000729   ADC12MEM4_H
0000072a   ADC12MEM5
0000072a   ADC12MEM5_L
0000072b   ADC12MEM5_H
0000072c   ADC12MEM6
0000072c   ADC12MEM6_L
0000072d   ADC12MEM6_H
0000072e   ADC12MEM7
0000072e   ADC12MEM7_L
0000072f   ADC12MEM7_H
00000730   ADC12MEM8
00000730   ADC12MEM8_L
00000731   ADC12MEM8_H
00000732   ADC12MEM9
00000732   ADC12MEM9_L
00000733   ADC12MEM9_H
00000734   ADC12MEM10
00000734   ADC12MEM10_L
00000735   ADC12MEM10_H
00000736   ADC12MEM11
00000736   ADC12MEM11_L
00000737   ADC12MEM11_H
00000738   ADC12MEM12
00000738   ADC12MEM12_L
00000739   ADC12MEM12_H
0000073a   ADC12MEM13
0000073a   ADC12MEM13_L
0000073b   ADC12MEM13_H
0000073c   ADC12MEM14
0000073c   ADC12MEM14_L
0000073d   ADC12MEM14_H
0000073e   ADC12MEM15
0000073e   ADC12MEM15_L
0000073f   ADC12MEM15_H
000008c0   CBCTL0
000008c0   CBCTL0_L
000008c1   CBCTL0_H
000008c2   CBCTL1
000008c2   CBCTL1_L
000008c3   CBCTL1_H
000008c4   CBCTL2
000008c4   CBCTL2_L
000008c5   CBCTL2_H
000008c6   CBCTL3
000008c6   CBCTL3_L
000008c7   CBCTL3_H
000008cc   CBINT
000008cc   CBINT_L
000008cd   CBINT_H
000008ce   CBIV
00000900   USBKEYID
00000900   USBKEYID_L
00000901   USBKEYID_H
00000902   USBCNF
00000902   USBCNF_L
00000903   USBCNF_H
00000904   USBPHYCTL
00000904   USBPHYCTL_L
00000905   USBPHYCTL_H
00000908   USBPWRCTL
00000908   USBPWRCTL_L
00000909   USBPWRCTL_H
00000910   USBPLLCTL
00000910   USBPLLCTL_L
00000911   USBPLLCTL_H
00000912   USBPLLDIVB
00000912   USBPLLDIVB_L
00000913   USBPLLDIVB_H
00000914   USBPLLIR
00000914   USBPLLIR_L
00000915   USBPLLIR_H
00000920   USBIEPCNF_0
00000921   USBIEPCNT_0
00000922   USBOEPCNF_0
00000923   USBOEPCNT_0
0000092e   USBIEPIE
0000092f   USBOEPIE
00000930   USBIEPIFG
00000931   USBOEPIFG
00000932   USBVECINT
00000932   USBVECINT_L
00000933   USBVECINT_H
00000936   USBMAINT
00000936   USBMAINT_L
00000937   USBMAINT_H
00000938   USBTSREG
00000938   USBTSREG_L
00000939   USBTSREG_H
0000093a   USBFN
0000093a   USBFN_L
0000093b   USBFN_H
0000093c   USBCTL
0000093d   USBIE
0000093e   USBIFG
0000093f   USBFUNADR
00001c00   USBSTABUFF
0000236f   USBTOPBUFF
00002370   USBOEP0BUF
00002378   USBIEP0BUF
00002380   USBSUBLK
00002388   USBOEPCNF_1
00002389   USBOEPBBAX_1
0000238a   USBOEPBCTX_1
0000238d   USBOEPBBAY_1
0000238e   USBOEPBCTY_1
0000238f   USBOEPSIZXY_1
00002390   USBOEPCNF_2
00002391   USBOEPBBAX_2
00002392   USBOEPBCTX_2
00002395   USBOEPBBAY_2
00002396   USBOEPBCTY_2
00002397   USBOEPSIZXY_2
00002398   USBOEPCNF_3
00002399   USBOEPBBAX_3
0000239a   USBOEPBCTX_3
0000239d   USBOEPBBAY_3
0000239e   USBOEPBCTY_3
0000239f   USBOEPSIZXY_3
000023a0   USBOEPCNF_4
000023a1   USBOEPBBAX_4
000023a2   USBOEPBCTX_4
000023a5   USBOEPBBAY_4
000023a6   USBOEPBCTY_4
000023a7   USBOEPSIZXY_4
000023a8   USBOEPCNF_5
000023a9   USBOEPBBAX_5
000023aa   USBOEPBCTX_5
000023ad   USBOEPBBAY_5
000023ae   USBOEPBCTY_5
000023af   USBOEPSIZXY_5
000023b0   USBOEPCNF_6
000023b1   USBOEPBBAX_6
000023b2   USBOEPBCTX_6
000023b5   USBOEPBBAY_6
000023b6   USBOEPBCTY_6
000023b7   USBOEPSIZXY_6
000023b8   USBOEPCNF_7
000023b9   USBOEPBBAX_7
000023ba   USBOEPBCTX_7
000023bd   USBOEPBBAY_7
000023be   USBOEPBCTY_7
000023bf   USBOEPSIZXY_7
000023c8   USBIEPCNF_1
000023c9   USBIEPBBAX_1
000023ca   USBIEPBCTX_1
000023cd   USBIEPBBAY_1
000023ce   USBIEPBCTY_1
000023cf   USBIEPSIZXY_1
000023d0   USBIEPCNF_2
000023d1   USBIEPBBAX_2
000023d2   USBIEPBCTX_2
000023d5   USBIEPBBAY_2
000023d6   USBIEPBCTY_2
000023d7   USBIEPSIZXY_2
000023d8   USBIEPCNF_3
000023d9   USBIEPBBAX_3
000023da   USBIEPBCTX_3
000023dd   USBIEPBBAY_3
000023de   USBIEPBCTY_3
000023df   USBIEPSIZXY_3
000023e0   USBIEPCNF_4
000023e1   USBIEPBBAX_4
000023e2   USBIEPBCTX_4
000023e5   USBIEPBBAY_4
000023e6   USBIEPBCTY_4
000023e7   USBIEPSIZXY_4
000023e8   USBIEPCNF_5
000023e9   USBIEPBBAX_5
000023ea   USBIEPBCTX_5
000023ed   USBIEPBBAY_5
000023ee   USBIEPBCTY_5
000023ef   USBIEPSIZXY_5
000023f0   USBIEPCNF_6
000023f1   USBIEPBBAX_6
000023f2   USBIEPBCTX_6
000023f5   USBIEPBBAY_6
000023f6   USBIEPBCTY_6
000023f7   USBIEPSIZXY_6
000023f8   USBIEPCNF_7
000023f9   USBIEPBBAX_7
000023fa   USBIEPBCTX_7
000023fd   USBIEPBBAY_7
000023fe   USBIEPBCTY_7
000023ff   USBIEPSIZXY_7
00002400   .bss
00002400   .data
00002400   __bss__
00002400   __data__
00002400   __edata__
00002400   edata
00002400   g_Status
00002404   currentTask
00002608   g_AppData
00002c72   thisMachine
00002c76   flag
00002c78   g_StatMem
00002da4   g_pCB
00002da6   pPingCallBackFunc
00002daa   gFirstCmdMode
00002dac   _ftable
00002e24   __TI_tmpnams
00002ec4   __TI_ft_end
00002f6a   g__SlNonOsCB
00002f88   _lock
00002f8c   _unlock
00002f90   __TI_cleanup_ptr
00002f94   __TI_dtors_ptr
00002fa8   andrew_temp
00002fac   andrew_data
00002fae   pIraEventHandler
00002fb2   IntIsMasked
00002fb4   g_ucUARTBuffer
00002fb6   cli_have_cmd
00002fba   _CIOBUF_
00002fba   __end__
00002fba   end
000030dc   _sys_memory
000042ac   _stack
00004400   __STACK_END
00004400   __cinit__
00004400   cinit
000044c2   _c_int00
000044c2   _c_int00_noargs
000044fa   UART_ISR
00004530   IntSpiGPIOHandler
0000454a   Timer_A
0000455c   CC3100_UART_ISR
00004566   Port1_ISR
00004570   Trap_ISR
00004574   _SlAsyncEventGenericHandler
00004a56   _SlDrvMsgRead
00004eb0   parseCode
000051b4   sl_WlanConnect
00005598   _SlDrvDataReadOp
00005760   _SlDrvWaitForPoolObj
0000590c   _SlDrvRxHdrRead
00005ab2   manageStates
00005df2   _SlDrvDataWriteOp
00005f8a   _SlDrvReleasePoolObj
0000610e   _SlDrvMsgWrite
00006266   __fs_sub
0000626c   __fs_add
00006396   sl_Connect
000065bc   sl_NetAppDnsGetHostByName
000066c4   sl_Start
000067be   sl_Stop
000068ac   Init_FLL
00006994   _SlDrvNetAppEventHandler
00006a76   fputs
00006b54   _SlFindAndSetActiveObj
00006d02   setvbuf
00006dce   _SlDrvDriverCBInit
00006e98   _SlDrvClassifyRxMsg
00006f5c   _SlDrvMsgReadCmdCtx
00007020   _SlDrvCmdOp
000070e0   __TI_printfi_minimal
000071a0   sl_NetAppMDNSRegisterUnregisterService
00007260   ir_transmit
00007316   __fs_mpy
000073cc   sl_Send
0000747e   _SlDrvMsgReadSpawnCtx
0000752e   _sl_HandleAsync_InitComplete
000075de   malloc
0000768a   _sl_HandleAsync_PingResponse
00007730   _sl_HandleAsync_DnsGetHostByName
0000786c   _sl_HandleAsync_Connect
0000799c   _sl_HandleAsync_DnsGetHostByService
00007ac0   sl_DevGet
00007b52   _sl_TruncatePayloadByProtocol
00007be0   __fs_div
00007c6e   fputc
00007c6e   putc
00007cfa   _sl_HandleAsync_Accept
00007d82   HOSTlseek
00007e08   free
00007e88   __TI_wrt_ok
00007f7c   _sl_GetStartResponseConvert
00007ff4   _SlDrvDriverCBDeinit
0000806a   _sl_HandleAsync_Select
000080e0   _sl_HandleAsync_Stop
00008156   _SlRemoveFromList
00008230   HOSTrename
0000829a   fseek
00008304   spi_Open
0000836e   __TI_closefile
000083d6   __fs_toi
0000843e   atol
000084a4   HOSTopen
00008506   SimpleLinkWlanEventHandler
00008568   __TI_doflush
000085ca   HOSTwrite
00008628   itoa
00008686   HOSTread
000086e2   _SlDrvObjInit
0000873e   _auto_init_hold_wdt
0000879a   sl_NetAppSendTokenValue
000087f4   __divul
000087f4   __remul
0000884c   sl_NetCfgSet
0000899a   convert
00008a84   main
00008ad0   close
00008b1a   _SlNonOsMainLoopTask
00008b62   sl_WlanSet
00008baa   HOSTclose
00008bee   SimpleLinkSockEventHandler
00008c32   _SlDrvDeviceEventHandler
00008c76   sl_Recv
00008cba   HOSTunlink
00008cfc   _sl_BuildAddress
00008d3e   SetVCore
00008dbe   printf
00008dfe   sl_Htonl
00008e3e   sl_WlanPolicySet
00008e7e   L_LSL_15
00008e82   L_LSL_14
00008e86   L_LSL_13
00008e8a   L_LSL_12
00008e8e   L_LSL_11
00008e92   L_LSL_10
00008e96   L_LSL_9
00008e9a   L_LSL_8
00008e9e   L_LSL_7
00008ea2   L_LSL_6
00008ea6   L_LSL_5
00008eaa   L_LSL_4
00008eae   L_LSL_3
00008eb2   L_LSL_2
00008eb6   L_LSL_1
00008ebc   L_LSR_15
00008ec0   L_LSR_14
00008ec4   L_LSR_13
00008ec8   L_LSR_12
00008ecc   L_LSR_11
00008ed0   L_LSR_10
00008ed4   L_LSR_9
00008ed8   L_LSR_8
00008edc   L_LSR_7
00008ee0   L_LSR_6
00008ee4   L_LSR_5
00008ee8   L_LSR_4
00008eec   L_LSR_3
00008ef0   L_LSR_2
00008ef4   L_LSR_1
00008efa   _SlNonOsSpawn
00008f36   sl_WlanRxFilterSet
00008f70   CopyPingResultsToReport
00008fa8   _SlDrvRxIrqHandler
00008fe0   minit
00009018   ADCinit
0000904e   Init_FLL_Settle
00009084   LFXT_Start
000090ba   _SlDrvFlowContInit
000090f0   reverse
00009126   __fs_itof
0000915c   strstr
00009192   CLI_Configure
000091c6   _SlDrvBasicCmd
000091fa   _SlNonOsSemGet
0000922e   sl_Socket
00009262   _SlDrvFlowContDeinit
00009294   __TI_cleanup
000092c6   spi_Read
000092f8   initClk
00009358   SimpleLinkNetAppEventHandler
00009386   __TI_writemsg
000093b0   C$$IO$$
000093e2   exit
0000943e   CLI_Write
0000946a   __TI_readmsg
00009496   __divi
00009496   __remi
000094c2   strncpy
000094ee   IRdelay
00009518   spi_Write
00009542   unlink
0000956c   sl_Htons
00009594   _SlDrvCmdSend
000095ba   lseek
000095e0   port_setup
00009606   _SlDrvShiftDWord
0000962a   sl_NetAppMDNSUnRegisterService
0000964e   write
00009694   __mpyl_f5hw
000096b6   Delay
000096d6   sl_Close
000096f6   sl_WlanProfileDel
00009716   sl_WlanSetMode
00009736   stringCopy
00009756   _SlDrvObjDeInit
00009774   memccpy
000097c4   strcat
000097de   strchr
000097f6   strcmp
0000980e   __divu
0000980e   __remu
00009824   __mpyi_f5hw
0000983a   memchr
0000984e   memset
00009862   timer_setup
00009876   memcpy
00009888   sample
0000989a   strcpy
000098aa   strlen
000098b8   CC3100_InterruptEnable
000098c2   SimpleLinkGeneralEventHandler
000098cc   SimpleLinkHttpServerCallback
000098d6   I_LSL
000098e0   I_LSR
000098ea   sl_WlanDisconnect
000098f4   CC3100_disable
000098fc   CC3100_enable
00009904   _SlNonOsSemSet
0000990c   registerInterruptHandler
00009914   spi_Close
0000991c   stopWDT
00009924   CC3100_InterruptDisable
00009930   markEmpty
0000993a   _system_pre_init
0000993e   C$$EXIT
0000993e   abort
00009942   remove
00009946   _nop
00009e9e   _ctypes_
00009fa0   _SlPolicySetCmdCtrl
00009fa4   _SlPolicyGetCmdCtrl
00009fa8   _SlProfileGetCmdCtrl
00009fac   _SlProfileDelCmdCtrl
00009fb0   _SlWlanGetNetworkListCtrl
00009fb4   _SlRxFilterAddtCmdCtrl
00009fb8   _SlRxFilterSetCmdCtrl
00009fbc   _SlRxFilterGetCmdCtrl
00009fc0   _SlSmartConfigStartCmdCtrl
00009fc4   _SlWlanSetModeCmdCtrl
00009fc8   _SlWlanCfgSetCmdCtrl
00009fcc   _SlWlanCfgGetCmdCtrl
0000a0d2   _SlActionLookupTable
0000a10a   _SlSockSocketCmdCtrl
0000a10e   _SlSockCloseCmdCtrl
0000a112   _SlRecvfomCmdCtrl
0000a116   _SlSendCmdCtrl
0000a11a   _SlListenCmdCtrl
0000a11e   _SlAcceptCmdCtrl
0000a122   _SlRecvCmdCtrl
0000a126   _SlSetSockOptCmdCtrl
0000a12a   _SlGetSockOptCmdCtrl
0000a12e   _SlSelectCmdCtrl
0000a13e   _SlNetAppStartCtrl
0000a142   _SlNetAppStopCtrl
0000a146   _SlGetServiceListeCtrl
0000a14a   _SlRegisterServiceCtrl
0000a14e   _SlGetHostByServiceCtrl
0000a152   _SlGetHostByNameCtrl
0000a156   _SlNetAppSetCmdCtrl
0000a15a   _SlNetAppSendTokenValueCmdCtrl
0000a15e   _SlNetAppGetCmdCtrl
0000a166   _SlFsOpenCmdCtrl
0000a16a   _SlFsCloseCmdCtrl
0000a16e   _SlFsReadCmdCtrl
0000a172   _SlFsWriteCmdCtrl
0000a176   _SlFsGetInfoCmdCtrl
0000a17a   _SlFsDeleteCmdCtrl
0000a19e   _SlStopCmdCtrl
0000a1a2   _SlEventMaskSetCmdCtrl
0000a1a6   _SlEventMaskGetCmdCtrl
0000a1aa   _SlDeviceGetCmdCtrl
0000a1ae   _SlDeviceSetCmdCtrl
0000a1b2   g_H2NSyncPattern
0000a1ba   g_H2NCnysPattern
0000a1ce   _SlNetCfgSetCmdCtrl
0000a1d2   _SlNetCfgGetCmdCtrl
0000ffd2   __TI_int41
0000ffd4   __TI_int42
0000ffd6   __TI_int43
0000ffd8   __TI_int44
0000ffda   __TI_int45
0000ffdc   __TI_int46
0000ffde   __TI_int47
0000ffe0   __TI_int48
0000ffe2   __TI_int49
0000ffe4   __TI_int50
0000ffe6   __TI_int51
0000ffe8   __TI_int52
0000ffea   __TI_int53
0000ffec   __TI_int54
0000ffee   __TI_int55
0000fff0   __TI_int56
0000fff2   __TI_int57
0000fff4   __TI_int58
0000fff6   __TI_int59
0000fff8   __TI_int60
0000fffa   __TI_int61
0000fffc   __TI_int62
0000fffe   _reset_vector
ffffffff   .text
ffffffff   __binit__
ffffffff   __c_args__
ffffffff   __etext__
ffffffff   __pinit__
ffffffff   __text__
ffffffff   binit
ffffffff   etext
ffffffff   pinit

[1066 symbols]
