<?xml version="1.0"?>
<link_info>
   <banner>MSP430 Linker PC v4.3.5</banner>
   <copyright>Copyright (c) 2003-2014 Texas Instruments Incorporated</copyright>
   <link_time>0x54879ee2</link_time>
   <link_errors>0x1</link_errors>
   <output_file>get_weather_copied_main.out</output_file>
   <entry_point>
      <name>_c_int00</name>
      <address>0x44c2</address>
   </entry_point>
   <input_file_list>
      <input_file id="fl-2">
         <path>.\</path>
         <kind>object</kind>
         <file>Decode.obj</file>
         <name>Decode.obj</name>
      </input_file>
      <input_file id="fl-3">
         <path>.\</path>
         <kind>object</kind>
         <file>andrew_tempsense.obj</file>
         <name>andrew_tempsense.obj</name>
      </input_file>
      <input_file id="fl-4">
         <path>.\</path>
         <kind>object</kind>
         <file>convenienceFunctions.obj</file>
         <name>convenienceFunctions.obj</name>
      </input_file>
      <input_file id="fl-5">
         <path>.\</path>
         <kind>object</kind>
         <file>main.obj</file>
         <name>main.obj</name>
      </input_file>
      <input_file id="fl-6">
         <path>.\uart\</path>
         <kind>object</kind>
         <file>uart.obj</file>
         <name>uart.obj</name>
      </input_file>
      <input_file id="fl-7">
         <path>.\spi\</path>
         <kind>object</kind>
         <file>spi.obj</file>
         <name>spi.obj</name>
      </input_file>
      <input_file id="fl-8">
         <path>.\simplelink\source\</path>
         <kind>object</kind>
         <file>device.obj</file>
         <name>device.obj</name>
      </input_file>
      <input_file id="fl-9">
         <path>.\simplelink\source\</path>
         <kind>object</kind>
         <file>driver.obj</file>
         <name>driver.obj</name>
      </input_file>
      <input_file id="fl-a">
         <path>.\simplelink\source\</path>
         <kind>object</kind>
         <file>flowcont.obj</file>
         <name>flowcont.obj</name>
      </input_file>
      <input_file id="fl-b">
         <path>.\simplelink\source\</path>
         <kind>object</kind>
         <file>fs.obj</file>
         <name>fs.obj</name>
      </input_file>
      <input_file id="fl-c">
         <path>.\simplelink\source\</path>
         <kind>object</kind>
         <file>netapp.obj</file>
         <name>netapp.obj</name>
      </input_file>
      <input_file id="fl-d">
         <path>.\simplelink\source\</path>
         <kind>object</kind>
         <file>netcfg.obj</file>
         <name>netcfg.obj</name>
      </input_file>
      <input_file id="fl-e">
         <path>.\simplelink\source\</path>
         <kind>object</kind>
         <file>nonos.obj</file>
         <name>nonos.obj</name>
      </input_file>
      <input_file id="fl-f">
         <path>.\simplelink\source\</path>
         <kind>object</kind>
         <file>socket.obj</file>
         <name>socket.obj</name>
      </input_file>
      <input_file id="fl-10">
         <path>.\simplelink\source\</path>
         <kind>object</kind>
         <file>spawn.obj</file>
         <name>spawn.obj</name>
      </input_file>
      <input_file id="fl-11">
         <path>.\simplelink\source\</path>
         <kind>object</kind>
         <file>wlan.obj</file>
         <name>wlan.obj</name>
      </input_file>
      <input_file id="fl-12">
         <path>.\cli_uart\</path>
         <kind>object</kind>
         <file>cli_uart.obj</file>
         <name>cli_uart.obj</name>
      </input_file>
      <input_file id="fl-13">
         <path>.\board\</path>
         <kind>object</kind>
         <file>board.obj</file>
         <name>board.obj</name>
      </input_file>
      <input_file id="fl-41">
         <path>c:\ti\ccsv6\tools\compiler\msp430_4.3.5\lib\</path>
         <kind>archive</kind>
         <file>rts430x.lib</file>
         <name>atol.obj</name>
      </input_file>
      <input_file id="fl-42">
         <path>c:\ti\ccsv6\tools\compiler\msp430_4.3.5\lib\</path>
         <kind>archive</kind>
         <file>rts430x.lib</file>
         <name>boot.obj</name>
      </input_file>
      <input_file id="fl-43">
         <path>c:\ti\ccsv6\tools\compiler\msp430_4.3.5\lib\</path>
         <kind>archive</kind>
         <file>rts430x.lib</file>
         <name>copy_decompress_none.obj</name>
      </input_file>
      <input_file id="fl-44">
         <path>c:\ti\ccsv6\tools\compiler\msp430_4.3.5\lib\</path>
         <kind>archive</kind>
         <file>rts430x.lib</file>
         <name>copy_decompress_rle.obj</name>
      </input_file>
      <input_file id="fl-45">
         <path>c:\ti\ccsv6\tools\compiler\msp430_4.3.5\lib\</path>
         <kind>archive</kind>
         <file>rts430x.lib</file>
         <name>copy_zero_init.obj</name>
      </input_file>
      <input_file id="fl-46">
         <path>c:\ti\ccsv6\tools\compiler\msp430_4.3.5\lib\</path>
         <kind>archive</kind>
         <file>rts430x.lib</file>
         <name>cpy_util.obj</name>
      </input_file>
      <input_file id="fl-47">
         <path>c:\ti\ccsv6\tools\compiler\msp430_4.3.5\lib\</path>
         <kind>archive</kind>
         <file>rts430x.lib</file>
         <name>ctype.obj</name>
      </input_file>
      <input_file id="fl-48">
         <path>c:\ti\ccsv6\tools\compiler\msp430_4.3.5\lib\</path>
         <kind>archive</kind>
         <file>rts430x.lib</file>
         <name>div16s.obj</name>
      </input_file>
      <input_file id="fl-49">
         <path>c:\ti\ccsv6\tools\compiler\msp430_4.3.5\lib\</path>
         <kind>archive</kind>
         <file>rts430x.lib</file>
         <name>div16u.obj</name>
      </input_file>
      <input_file id="fl-4a">
         <path>c:\ti\ccsv6\tools\compiler\msp430_4.3.5\lib\</path>
         <kind>archive</kind>
         <file>rts430x.lib</file>
         <name>div32u.obj</name>
      </input_file>
      <input_file id="fl-4b">
         <path>c:\ti\ccsv6\tools\compiler\msp430_4.3.5\lib\</path>
         <kind>archive</kind>
         <file>rts430x.lib</file>
         <name>exit.obj</name>
      </input_file>
      <input_file id="fl-4c">
         <path>c:\ti\ccsv6\tools\compiler\msp430_4.3.5\lib\</path>
         <kind>archive</kind>
         <file>rts430x.lib</file>
         <name>fs_add.obj</name>
      </input_file>
      <input_file id="fl-4d">
         <path>c:\ti\ccsv6\tools\compiler\msp430_4.3.5\lib\</path>
         <kind>archive</kind>
         <file>rts430x.lib</file>
         <name>fs_div.obj</name>
      </input_file>
      <input_file id="fl-4e">
         <path>c:\ti\ccsv6\tools\compiler\msp430_4.3.5\lib\</path>
         <kind>archive</kind>
         <file>rts430x.lib</file>
         <name>fs_itof.obj</name>
      </input_file>
      <input_file id="fl-4f">
         <path>c:\ti\ccsv6\tools\compiler\msp430_4.3.5\lib\</path>
         <kind>archive</kind>
         <file>rts430x.lib</file>
         <name>fs_mpy.obj</name>
      </input_file>
      <input_file id="fl-50">
         <path>c:\ti\ccsv6\tools\compiler\msp430_4.3.5\lib\</path>
         <kind>archive</kind>
         <file>rts430x.lib</file>
         <name>fs_toi.obj</name>
      </input_file>
      <input_file id="fl-51">
         <path>c:\ti\ccsv6\tools\compiler\msp430_4.3.5\lib\</path>
         <kind>archive</kind>
         <file>rts430x.lib</file>
         <name>lsl16.obj</name>
      </input_file>
      <input_file id="fl-52">
         <path>c:\ti\ccsv6\tools\compiler\msp430_4.3.5\lib\</path>
         <kind>archive</kind>
         <file>rts430x.lib</file>
         <name>lsr16.obj</name>
      </input_file>
      <input_file id="fl-53">
         <path>c:\ti\ccsv6\tools\compiler\msp430_4.3.5\lib\</path>
         <kind>archive</kind>
         <file>rts430x.lib</file>
         <name>lsr32.obj</name>
      </input_file>
      <input_file id="fl-54">
         <path>c:\ti\ccsv6\tools\compiler\msp430_4.3.5\lib\</path>
         <kind>archive</kind>
         <file>rts430x.lib</file>
         <name>memcpy.obj</name>
      </input_file>
      <input_file id="fl-55">
         <path>c:\ti\ccsv6\tools\compiler\msp430_4.3.5\lib\</path>
         <kind>archive</kind>
         <file>rts430x.lib</file>
         <name>memset.obj</name>
      </input_file>
      <input_file id="fl-56">
         <path>c:\ti\ccsv6\tools\compiler\msp430_4.3.5\lib\</path>
         <kind>archive</kind>
         <file>rts430x.lib</file>
         <name>mpu_init.obj</name>
      </input_file>
      <input_file id="fl-57">
         <path>c:\ti\ccsv6\tools\compiler\msp430_4.3.5\lib\</path>
         <kind>archive</kind>
         <file>rts430x.lib</file>
         <name>mult16_f5hw.obj</name>
      </input_file>
      <input_file id="fl-58">
         <path>c:\ti\ccsv6\tools\compiler\msp430_4.3.5\lib\</path>
         <kind>archive</kind>
         <file>rts430x.lib</file>
         <name>mult32_f5hw.obj</name>
      </input_file>
      <input_file id="fl-59">
         <path>c:\ti\ccsv6\tools\compiler\msp430_4.3.5\lib\</path>
         <kind>archive</kind>
         <file>rts430x.lib</file>
         <name>pre_init.obj</name>
      </input_file>
      <input_file id="fl-5a">
         <path>c:\ti\ccsv6\tools\compiler\msp430_4.3.5\lib\</path>
         <kind>archive</kind>
         <file>rts430x.lib</file>
         <name>printf.obj</name>
      </input_file>
      <input_file id="fl-5b">
         <path>c:\ti\ccsv6\tools\compiler\msp430_4.3.5\lib\</path>
         <kind>archive</kind>
         <file>rts430x.lib</file>
         <name>strcat.obj</name>
      </input_file>
      <input_file id="fl-5c">
         <path>c:\ti\ccsv6\tools\compiler\msp430_4.3.5\lib\</path>
         <kind>archive</kind>
         <file>rts430x.lib</file>
         <name>strcpy.obj</name>
      </input_file>
      <input_file id="fl-5d">
         <path>c:\ti\ccsv6\tools\compiler\msp430_4.3.5\lib\</path>
         <kind>archive</kind>
         <file>rts430x.lib</file>
         <name>strlen.obj</name>
      </input_file>
      <input_file id="fl-5e">
         <path>c:\ti\ccsv6\tools\compiler\msp430_4.3.5\lib\</path>
         <kind>archive</kind>
         <file>rts430x.lib</file>
         <name>strstr.obj</name>
      </input_file>
      <input_file id="fl-5f">
         <path>c:\ti\ccsv6\tools\compiler\msp430_4.3.5\lib\</path>
         <kind>archive</kind>
         <file>rts430x.lib</file>
         <name>_lock.obj</name>
      </input_file>
      <input_file id="fl-60">
         <path>c:\ti\ccsv6\tools\compiler\msp430_4.3.5\lib\</path>
         <kind>archive</kind>
         <file>rts430x.lib</file>
         <name>_printfi_min.obj</name>
      </input_file>
      <input_file id="fl-61">
         <path>c:\ti\ccsv6\tools\compiler\msp430_4.3.5\lib\</path>
         <kind>archive</kind>
         <file>rts430x.lib</file>
         <name>args_main.obj</name>
      </input_file>
      <input_file id="fl-62">
         <path>c:\ti\ccsv6\tools\compiler\msp430_4.3.5\lib\</path>
         <kind>archive</kind>
         <file>rts430x.lib</file>
         <name>autoinit.obj</name>
      </input_file>
      <input_file id="fl-63">
         <path>c:\ti\ccsv6\tools\compiler\msp430_4.3.5\lib\</path>
         <kind>archive</kind>
         <file>rts430x.lib</file>
         <name>defs.obj</name>
      </input_file>
      <input_file id="fl-64">
         <path>c:\ti\ccsv6\tools\compiler\msp430_4.3.5\lib\</path>
         <kind>archive</kind>
         <file>rts430x.lib</file>
         <name>fputc.obj</name>
      </input_file>
      <input_file id="fl-65">
         <path>c:\ti\ccsv6\tools\compiler\msp430_4.3.5\lib\</path>
         <kind>archive</kind>
         <file>rts430x.lib</file>
         <name>fputs.obj</name>
      </input_file>
      <input_file id="fl-66">
         <path>c:\ti\ccsv6\tools\compiler\msp430_4.3.5\lib\</path>
         <kind>archive</kind>
         <file>rts430x.lib</file>
         <name>lowlev.obj</name>
      </input_file>
      <input_file id="fl-67">
         <path>c:\ti\ccsv6\tools\compiler\msp430_4.3.5\lib\</path>
         <kind>archive</kind>
         <file>rts430x.lib</file>
         <name>memccpy.obj</name>
      </input_file>
      <input_file id="fl-68">
         <path>c:\ti\ccsv6\tools\compiler\msp430_4.3.5\lib\</path>
         <kind>archive</kind>
         <file>rts430x.lib</file>
         <name>memchr.obj</name>
      </input_file>
      <input_file id="fl-69">
         <path>c:\ti\ccsv6\tools\compiler\msp430_4.3.5\lib\</path>
         <kind>archive</kind>
         <file>rts430x.lib</file>
         <name>strchr.obj</name>
      </input_file>
      <input_file id="fl-6a">
         <path>c:\ti\ccsv6\tools\compiler\msp430_4.3.5\lib\</path>
         <kind>archive</kind>
         <file>rts430x.lib</file>
         <name>strcmp.obj</name>
      </input_file>
      <input_file id="fl-6b">
         <path>c:\ti\ccsv6\tools\compiler\msp430_4.3.5\lib\</path>
         <kind>archive</kind>
         <file>rts430x.lib</file>
         <name>strncpy.obj</name>
      </input_file>
      <input_file id="fl-6c">
         <path>c:\ti\ccsv6\tools\compiler\msp430_4.3.5\lib\</path>
         <kind>archive</kind>
         <file>rts430x.lib</file>
         <name>trgdrv.obj</name>
      </input_file>
      <input_file id="fl-6d">
         <path>c:\ti\ccsv6\tools\compiler\msp430_4.3.5\lib\</path>
         <kind>archive</kind>
         <file>rts430x.lib</file>
         <name>trgmsg.obj</name>
      </input_file>
      <input_file id="fl-6e">
         <path>c:\ti\ccsv6\tools\compiler\msp430_4.3.5\lib\</path>
         <kind>archive</kind>
         <file>rts430x.lib</file>
         <name>_io_perm.obj</name>
      </input_file>
      <input_file id="fl-6f">
         <path>c:\ti\ccsv6\tools\compiler\msp430_4.3.5\lib\</path>
         <kind>archive</kind>
         <file>rts430x.lib</file>
         <name>fflush.obj</name>
      </input_file>
      <input_file id="fl-70">
         <path>c:\ti\ccsv6\tools\compiler\msp430_4.3.5\lib\</path>
         <kind>archive</kind>
         <file>rts430x.lib</file>
         <name>fseek.obj</name>
      </input_file>
      <input_file id="fl-71">
         <path>c:\ti\ccsv6\tools\compiler\msp430_4.3.5\lib\</path>
         <kind>archive</kind>
         <file>rts430x.lib</file>
         <name>lsl32.obj</name>
      </input_file>
      <input_file id="fl-72">
         <path>c:\ti\ccsv6\tools\compiler\msp430_4.3.5\lib\</path>
         <kind>archive</kind>
         <file>rts430x.lib</file>
         <name>setvbuf.obj</name>
      </input_file>
      <input_file id="fl-73">
         <path>c:\ti\ccsv6\tools\compiler\msp430_4.3.5\lib\</path>
         <kind>archive</kind>
         <file>rts430x.lib</file>
         <name>fopen.obj</name>
      </input_file>
      <input_file id="fl-74">
         <path>c:\ti\ccsv6\tools\compiler\msp430_4.3.5\lib\</path>
         <kind>archive</kind>
         <file>rts430x.lib</file>
         <name>memory.obj</name>
      </input_file>
      <input_file id="fl-75">
         <path>c:\ti\ccsv6\tools\compiler\msp430_4.3.5\lib\</path>
         <kind>archive</kind>
         <file>rts430x.lib</file>
         <name>fclose.obj</name>
      </input_file>
      <input_file id="fl-76">
         <path>c:\ti\ccsv6\tools\compiler\msp430_4.3.5\lib\</path>
         <kind>archive</kind>
         <file>rts430x.lib</file>
         <name>remove.obj</name>
      </input_file>
   </input_file_list>
   <object_component_list>
      <object_component id="oc-86">
         <name>.bss</name>
         <uninitialized>true</uninitialized>
         <run_address>0x2fa8</run_address>
         <size>0x6</size>
         <input_file_ref idref="fl-3"/>
      </object_component>
      <object_component id="oc-92">
         <name>.bss</name>
         <uninitialized>true</uninitialized>
         <run_address>0x2400</run_address>
         <size>0x878</size>
         <input_file_ref idref="fl-5"/>
      </object_component>
      <object_component id="oc-a8">
         <name>.bss</name>
         <uninitialized>true</uninitialized>
         <run_address>0x2c78</run_address>
         <size>0x133</size>
         <input_file_ref idref="fl-9"/>
      </object_component>
      <object_component id="oc-c7">
         <name>.bss</name>
         <uninitialized>true</uninitialized>
         <run_address>0x2f6a</run_address>
         <size>0x1e</size>
         <input_file_ref idref="fl-e"/>
      </object_component>
      <object_component id="oc-db">
         <name>.bss</name>
         <uninitialized>true</uninitialized>
         <run_address>0x2fb4</run_address>
         <size>0x4</size>
         <input_file_ref idref="fl-12"/>
      </object_component>
      <object_component id="oc-e2">
         <name>.bss</name>
         <uninitialized>true</uninitialized>
         <run_address>0x2fae</run_address>
         <size>0x5</size>
         <input_file_ref idref="fl-13"/>
      </object_component>
      <object_component id="oc-ee">
         <name>.bss</name>
         <uninitialized>true</uninitialized>
         <run_address>0x2f90</run_address>
         <size>0x8</size>
         <input_file_ref idref="fl-42"/>
      </object_component>
      <object_component id="oc-17d">
         <name>.bss</name>
         <uninitialized>true</uninitialized>
         <run_address>0x2f88</run_address>
         <size>0x8</size>
         <input_file_ref idref="fl-5f"/>
      </object_component>
      <object_component id="oc-193">
         <name>.bss</name>
         <uninitialized>true</uninitialized>
         <run_address>0x2dac</run_address>
         <size>0x11a</size>
         <input_file_ref idref="fl-63"/>
      </object_component>
      <object_component id="oc-1a2">
         <name>.bss</name>
         <uninitialized>true</uninitialized>
         <run_address>0x2ec6</run_address>
         <size>0xa4</size>
         <input_file_ref idref="fl-66"/>
      </object_component>
      <object_component id="oc-1c2">
         <name>.bss</name>
         <uninitialized>true</uninitialized>
         <run_address>0x2fa0</run_address>
         <size>0x8</size>
         <input_file_ref idref="fl-6c"/>
      </object_component>
      <object_component id="oc-1e6">
         <name>.bss</name>
         <uninitialized>true</uninitialized>
         <run_address>0x2fb8</run_address>
         <size>0x2</size>
         <input_file_ref idref="fl-73"/>
      </object_component>
      <object_component id="oc-1ed">
         <name>.bss</name>
         <uninitialized>true</uninitialized>
         <run_address>0x2f98</run_address>
         <size>0x8</size>
         <input_file_ref idref="fl-74"/>
      </object_component>
      <object_component id="oc-1f0">
         <name>.sysmem</name>
         <uninitialized>true</uninitialized>
         <run_address>0x30dc</run_address>
         <size>0x4</size>
         <input_file_ref idref="fl-74"/>
      </object_component>
      <object_component id="oc-30e">
         <name>.sysmem</name>
         <uninitialized>true</uninitialized>
         <run_address>0x30dc</run_address>
         <size>0x0</size>
      </object_component>
      <object_component id="oc-f0">
         <name>.stack</name>
         <uninitialized>true</uninitialized>
         <run_address>0x42ac</run_address>
         <size>0x2</size>
         <input_file_ref idref="fl-42"/>
      </object_component>
      <object_component id="oc-30d">
         <name>.stack</name>
         <uninitialized>true</uninitialized>
         <run_address>0x42ac</run_address>
         <size>0x0</size>
      </object_component>
      <object_component id="oc-277">
         <name>.text:_SlAsyncEventGenericHandler</name>
         <load_address>0x4574</load_address>
         <run_address>0x4574</run_address>
         <size>0x4e2</size>
         <input_file_ref idref="fl-9"/>
      </object_component>
      <object_component id="oc-278">
         <name>.text:_SlDrvMsgRead</name>
         <load_address>0x4a56</load_address>
         <run_address>0x4a56</run_address>
         <size>0x45a</size>
         <input_file_ref idref="fl-9"/>
      </object_component>
      <object_component id="oc-23c">
         <name>.text:parseCode</name>
         <load_address>0x4eb0</load_address>
         <run_address>0x4eb0</run_address>
         <size>0x304</size>
         <input_file_ref idref="fl-2"/>
      </object_component>
      <object_component id="oc-264">
         <name>.text:sl_WlanConnect</name>
         <load_address>0x51b4</load_address>
         <run_address>0x51b4</run_address>
         <size>0x1f6</size>
         <input_file_ref idref="fl-11"/>
      </object_component>
      <object_component id="oc-23e">
         <name>.text:configureSimpleLinkToDefaultState</name>
         <load_address>0x53aa</load_address>
         <run_address>0x53aa</run_address>
         <size>0x1ee</size>
         <input_file_ref idref="fl-5"/>
      </object_component>
      <object_component id="oc-24a">
         <name>.text:_SlDrvDataReadOp</name>
         <load_address>0x5598</load_address>
         <run_address>0x5598</run_address>
         <size>0x1c8</size>
         <input_file_ref idref="fl-9"/>
      </object_component>
      <object_component id="oc-25b">
         <name>.text:_SlDrvWaitForPoolObj</name>
         <load_address>0x5760</load_address>
         <run_address>0x5760</run_address>
         <size>0x1ac</size>
         <input_file_ref idref="fl-9"/>
      </object_component>
      <object_component id="oc-281">
         <name>.text:_SlDrvRxHdrRead</name>
         <load_address>0x590c</load_address>
         <run_address>0x590c</run_address>
         <size>0x1a6</size>
         <input_file_ref idref="fl-9"/>
      </object_component>
      <object_component id="oc-21a">
         <name>.text:manageStates</name>
         <load_address>0x5ab2</load_address>
         <run_address>0x5ab2</run_address>
         <size>0x1a6</size>
         <input_file_ref idref="fl-5"/>
      </object_component>
      <object_component id="oc-228">
         <name>.text:sendMessage</name>
         <load_address>0x5c58</load_address>
         <run_address>0x5c58</run_address>
         <size>0x19a</size>
         <input_file_ref idref="fl-5"/>
      </object_component>
      <object_component id="oc-249">
         <name>.text:_SlDrvDataWriteOp</name>
         <load_address>0x5df2</load_address>
         <run_address>0x5df2</run_address>
         <size>0x198</size>
         <input_file_ref idref="fl-9"/>
      </object_component>
      <object_component id="oc-262">
         <name>.text:_SlDrvReleasePoolObj</name>
         <load_address>0x5f8a</load_address>
         <run_address>0x5f8a</run_address>
         <size>0x184</size>
         <input_file_ref idref="fl-9"/>
      </object_component>
      <object_component id="oc-266">
         <name>.text:_SlDrvMsgWrite</name>
         <load_address>0x610e</load_address>
         <run_address>0x610e</run_address>
         <size>0x158</size>
         <input_file_ref idref="fl-9"/>
      </object_component>
      <object_component id="oc-11f">
         <name>.text</name>
         <load_address>0x6266</load_address>
         <run_address>0x6266</run_address>
         <size>0x130</size>
         <input_file_ref idref="fl-4c"/>
      </object_component>
      <object_component id="oc-246">
         <name>.text:sl_Connect</name>
         <load_address>0x6396</load_address>
         <run_address>0x6396</run_address>
         <size>0x118</size>
         <input_file_ref idref="fl-f"/>
      </object_component>
      <object_component id="oc-27b">
         <name>.text:_setfield</name>
         <load_address>0x64ae</load_address>
         <run_address>0x64ae</run_address>
         <size>0x10e</size>
         <input_file_ref idref="fl-60"/>
      </object_component>
      <object_component id="oc-242">
         <name>.text:sl_NetAppDnsGetHostByName</name>
         <load_address>0x65bc</load_address>
         <run_address>0x65bc</run_address>
         <size>0x108</size>
         <input_file_ref idref="fl-c"/>
      </object_component>
      <object_component id="oc-23f">
         <name>.text:sl_Start</name>
         <load_address>0x66c4</load_address>
         <run_address>0x66c4</run_address>
         <size>0xfa</size>
         <input_file_ref idref="fl-8"/>
      </object_component>
      <object_component id="oc-251">
         <name>.text:sl_Stop</name>
         <load_address>0x67be</load_address>
         <run_address>0x67be</run_address>
         <size>0xee</size>
         <input_file_ref idref="fl-8"/>
      </object_component>
      <object_component id="oc-231">
         <name>.text:Init_FLL</name>
         <load_address>0x68ac</load_address>
         <run_address>0x68ac</run_address>
         <size>0xe8</size>
         <input_file_ref idref="fl-13"/>
      </object_component>
      <object_component id="oc-28d">
         <name>.text:_SlDrvNetAppEventHandler</name>
         <load_address>0x6994</load_address>
         <run_address>0x6994</run_address>
         <size>0xe2</size>
         <input_file_ref idref="fl-c"/>
      </object_component>
      <object_component id="oc-279">
         <name>.text:fputs</name>
         <load_address>0x6a76</load_address>
         <run_address>0x6a76</run_address>
         <size>0xde</size>
         <input_file_ref idref="fl-65"/>
      </object_component>
      <object_component id="oc-284">
         <name>.text:_SlFindAndSetActiveObj</name>
         <load_address>0x6b54</load_address>
         <run_address>0x6b54</run_address>
         <size>0xda</size>
         <input_file_ref idref="fl-9"/>
      </object_component>
      <object_component id="oc-22f">
         <name>.text:SetVCoreUp</name>
         <load_address>0x6c2e</load_address>
         <run_address>0x6c2e</run_address>
         <size>0xd4</size>
         <input_file_ref idref="fl-13"/>
      </object_component>
      <object_component id="oc-294">
         <name>.text:setvbuf</name>
         <load_address>0x6d02</load_address>
         <run_address>0x6d02</run_address>
         <size>0xcc</size>
         <input_file_ref idref="fl-72"/>
      </object_component>
      <object_component id="oc-259">
         <name>.text:_SlDrvDriverCBInit</name>
         <load_address>0x6dce</load_address>
         <run_address>0x6dce</run_address>
         <size>0xca</size>
         <input_file_ref idref="fl-9"/>
      </object_component>
      <object_component id="oc-282">
         <name>.text:_SlDrvClassifyRxMsg</name>
         <load_address>0x6e98</load_address>
         <run_address>0x6e98</run_address>
         <size>0xc4</size>
         <input_file_ref idref="fl-9"/>
      </object_component>
      <object_component id="oc-267">
         <name>.text:_SlDrvMsgReadCmdCtx</name>
         <load_address>0x6f5c</load_address>
         <run_address>0x6f5c</run_address>
         <size>0xc4</size>
         <input_file_ref idref="fl-9"/>
      </object_component>
      <object_component id="oc-24b">
         <name>.text:_SlDrvCmdOp</name>
         <load_address>0x7020</load_address>
         <run_address>0x7020</run_address>
         <size>0xc0</size>
         <input_file_ref idref="fl-9"/>
      </object_component>
      <object_component id="oc-26a">
         <name>.text:__TI_printfi_minimal</name>
         <load_address>0x70e0</load_address>
         <run_address>0x70e0</run_address>
         <size>0xc0</size>
         <input_file_ref idref="fl-60"/>
      </object_component>
      <object_component id="oc-26e">
         <name>.text:sl_NetAppMDNSRegisterUnregisterService</name>
         <load_address>0x71a0</load_address>
         <run_address>0x71a0</run_address>
         <size>0xc0</size>
         <input_file_ref idref="fl-c"/>
      </object_component>
      <object_component id="oc-22d">
         <name>.text:ir_transmit</name>
         <load_address>0x7260</load_address>
         <run_address>0x7260</run_address>
         <size>0xb6</size>
         <input_file_ref idref="fl-5"/>
      </object_component>
      <object_component id="oc-12e">
         <name>.text</name>
         <load_address>0x7316</load_address>
         <run_address>0x7316</run_address>
         <size>0xb6</size>
         <input_file_ref idref="fl-4f"/>
      </object_component>
      <object_component id="oc-238">
         <name>.text:sl_Send</name>
         <load_address>0x73cc</load_address>
         <run_address>0x73cc</run_address>
         <size>0xb2</size>
         <input_file_ref idref="fl-f"/>
      </object_component>
      <object_component id="oc-273">
         <name>.text:_SlDrvMsgReadSpawnCtx</name>
         <load_address>0x747e</load_address>
         <run_address>0x747e</run_address>
         <size>0xb0</size>
         <input_file_ref idref="fl-9"/>
      </object_component>
      <object_component id="oc-29d">
         <name>.text:_sl_HandleAsync_InitComplete</name>
         <load_address>0x752e</load_address>
         <run_address>0x752e</run_address>
         <size>0xb0</size>
         <input_file_ref idref="fl-8"/>
      </object_component>
      <object_component id="oc-2a3">
         <name>.text:malloc</name>
         <load_address>0x75de</load_address>
         <run_address>0x75de</run_address>
         <size>0xac</size>
         <input_file_ref idref="fl-74"/>
      </object_component>
      <object_component id="oc-280">
         <name>.text:_sl_HandleAsync_PingResponse</name>
         <load_address>0x768a</load_address>
         <run_address>0x768a</run_address>
         <size>0xa6</size>
         <input_file_ref idref="fl-c"/>
      </object_component>
      <object_component id="oc-298">
         <name>.text:_sl_HandleAsync_DnsGetHostByName</name>
         <load_address>0x7730</load_address>
         <run_address>0x7730</run_address>
         <size>0xa2</size>
         <input_file_ref idref="fl-c"/>
      </object_component>
      <object_component id="oc-230">
         <name>.text:SetVCoreDown</name>
         <load_address>0x77d2</load_address>
         <run_address>0x77d2</run_address>
         <size>0x9a</size>
         <input_file_ref idref="fl-13"/>
      </object_component>
      <object_component id="oc-29f">
         <name>.text:_sl_HandleAsync_Connect</name>
         <load_address>0x786c</load_address>
         <run_address>0x786c</run_address>
         <size>0x9a</size>
         <input_file_ref idref="fl-f"/>
      </object_component>
      <object_component id="oc-22a">
         <name>.text:parseMessage</name>
         <load_address>0x7906</load_address>
         <run_address>0x7906</run_address>
         <size>0x96</size>
         <input_file_ref idref="fl-5"/>
      </object_component>
      <object_component id="oc-297">
         <name>.text:_sl_HandleAsync_DnsGetHostByService</name>
         <load_address>0x799c</load_address>
         <run_address>0x799c</run_address>
         <size>0x92</size>
         <input_file_ref idref="fl-c"/>
      </object_component>
      <object_component id="oc-235">
         <name>.text:createConnection</name>
         <load_address>0x7a2e</load_address>
         <run_address>0x7a2e</run_address>
         <size>0x92</size>
         <input_file_ref idref="fl-5"/>
      </object_component>
      <object_component id="oc-252">
         <name>.text:sl_DevGet</name>
         <load_address>0x7ac0</load_address>
         <run_address>0x7ac0</run_address>
         <size>0x92</size>
         <input_file_ref idref="fl-8"/>
      </object_component>
      <object_component id="oc-248">
         <name>.text:_sl_TruncatePayloadByProtocol</name>
         <load_address>0x7b52</load_address>
         <run_address>0x7b52</run_address>
         <size>0x8e</size>
         <input_file_ref idref="fl-f"/>
      </object_component>
      <object_component id="oc-124">
         <name>.text</name>
         <load_address>0x7be0</load_address>
         <run_address>0x7be0</run_address>
         <size>0x8e</size>
         <input_file_ref idref="fl-4d"/>
      </object_component>
      <object_component id="oc-27a">
         <name>.text:fputc</name>
         <load_address>0x7c6e</load_address>
         <run_address>0x7c6e</run_address>
         <size>0x8c</size>
         <input_file_ref idref="fl-64"/>
      </object_component>
      <object_component id="oc-29e">
         <name>.text:_sl_HandleAsync_Accept</name>
         <load_address>0x7cfa</load_address>
         <run_address>0x7cfa</run_address>
         <size>0x88</size>
         <input_file_ref idref="fl-f"/>
      </object_component>
      <object_component id="oc-20e">
         <name>.text:HOSTlseek</name>
         <load_address>0x7d82</load_address>
         <run_address>0x7d82</run_address>
         <size>0x86</size>
         <input_file_ref idref="fl-6c"/>
      </object_component>
      <object_component id="oc-2a2">
         <name>.text:free</name>
         <load_address>0x7e08</load_address>
         <run_address>0x7e08</run_address>
         <size>0x80</size>
         <input_file_ref idref="fl-74"/>
      </object_component>
      <object_component id="oc-285">
         <name>.text:__TI_wrt_ok</name>
         <load_address>0x7e88</load_address>
         <run_address>0x7e88</run_address>
         <size>0x7a</size>
         <input_file_ref idref="fl-6e"/>
      </object_component>
      <object_component id="oc-22e">
         <name>.text:config3100</name>
         <load_address>0x7f02</load_address>
         <run_address>0x7f02</run_address>
         <size>0x7a</size>
         <input_file_ref idref="fl-5"/>
      </object_component>
      <object_component id="oc-263">
         <name>.text:_sl_GetStartResponseConvert</name>
         <load_address>0x7f7c</load_address>
         <run_address>0x7f7c</run_address>
         <size>0x78</size>
         <input_file_ref idref="fl-8"/>
      </object_component>
      <object_component id="oc-26d">
         <name>.text:_SlDrvDriverCBDeinit</name>
         <load_address>0x7ff4</load_address>
         <run_address>0x7ff4</run_address>
         <size>0x76</size>
         <input_file_ref idref="fl-9"/>
      </object_component>
      <object_component id="oc-2a0">
         <name>.text:_sl_HandleAsync_Select</name>
         <load_address>0x806a</load_address>
         <run_address>0x806a</run_address>
         <size>0x76</size>
         <input_file_ref idref="fl-f"/>
      </object_component>
      <object_component id="oc-29c">
         <name>.text:_sl_HandleAsync_Stop</name>
         <load_address>0x80e0</load_address>
         <run_address>0x80e0</run_address>
         <size>0x76</size>
         <input_file_ref idref="fl-8"/>
      </object_component>
      <object_component id="oc-275">
         <name>.text:_SlRemoveFromList</name>
         <load_address>0x8156</load_address>
         <run_address>0x8156</run_address>
         <size>0x6e</size>
         <input_file_ref idref="fl-9"/>
      </object_component>
      <object_component id="oc-229">
         <name>.text:recvMessage</name>
         <load_address>0x81c4</load_address>
         <run_address>0x81c4</run_address>
         <size>0x6c</size>
         <input_file_ref idref="fl-5"/>
      </object_component>
      <object_component id="oc-210">
         <name>.text:HOSTrename</name>
         <load_address>0x8230</load_address>
         <run_address>0x8230</run_address>
         <size>0x6a</size>
         <input_file_ref idref="fl-6c"/>
      </object_component>
      <object_component id="oc-293">
         <name>.text:fseek</name>
         <load_address>0x829a</load_address>
         <run_address>0x829a</run_address>
         <size>0x6a</size>
         <input_file_ref idref="fl-70"/>
      </object_component>
      <object_component id="oc-25a">
         <name>.text:spi_Open</name>
         <load_address>0x8304</load_address>
         <run_address>0x8304</run_address>
         <size>0x6a</size>
         <input_file_ref idref="fl-7"/>
      </object_component>
      <object_component id="oc-2a8">
         <name>.text:__TI_closefile</name>
         <load_address>0x836e</load_address>
         <run_address>0x836e</run_address>
         <size>0x68</size>
         <input_file_ref idref="fl-75"/>
      </object_component>
      <object_component id="oc-133">
         <name>.text</name>
         <load_address>0x83d6</load_address>
         <run_address>0x83d6</run_address>
         <size>0x68</size>
         <input_file_ref idref="fl-50"/>
      </object_component>
      <object_component id="oc-24e">
         <name>.text:atol</name>
         <load_address>0x843e</load_address>
         <run_address>0x843e</run_address>
         <size>0x66</size>
         <input_file_ref idref="fl-41"/>
      </object_component>
      <object_component id="oc-20a">
         <name>.text:HOSTopen</name>
         <load_address>0x84a4</load_address>
         <run_address>0x84a4</run_address>
         <size>0x62</size>
         <input_file_ref idref="fl-6c"/>
      </object_component>
      <object_component id="oc-290">
         <name>.text:SimpleLinkWlanEventHandler</name>
         <load_address>0x8506</load_address>
         <run_address>0x8506</run_address>
         <size>0x62</size>
         <input_file_ref idref="fl-5"/>
      </object_component>
      <object_component id="oc-287">
         <name>.text:__TI_doflush</name>
         <load_address>0x8568</load_address>
         <run_address>0x8568</run_address>
         <size>0x62</size>
         <input_file_ref idref="fl-6f"/>
      </object_component>
      <object_component id="oc-20d">
         <name>.text:HOSTwrite</name>
         <load_address>0x85ca</load_address>
         <run_address>0x85ca</run_address>
         <size>0x5e</size>
         <input_file_ref idref="fl-6c"/>
      </object_component>
      <object_component id="oc-237">
         <name>.text:itoa</name>
         <load_address>0x8628</load_address>
         <run_address>0x8628</run_address>
         <size>0x5e</size>
         <input_file_ref idref="fl-4"/>
      </object_component>
      <object_component id="oc-20c">
         <name>.text:HOSTread</name>
         <load_address>0x8686</load_address>
         <run_address>0x8686</run_address>
         <size>0x5c</size>
         <input_file_ref idref="fl-6c"/>
      </object_component>
      <object_component id="oc-26f">
         <name>.text:_SlDrvObjInit</name>
         <load_address>0x86e2</load_address>
         <run_address>0x86e2</run_address>
         <size>0x5c</size>
         <input_file_ref idref="fl-9"/>
      </object_component>
      <object_component id="oc-205">
         <name>.text:_auto_init_hold_wdt</name>
         <load_address>0x873e</load_address>
         <run_address>0x873e</run_address>
         <size>0x5c</size>
         <input_file_ref idref="fl-62"/>
      </object_component>
      <object_component id="oc-29a">
         <name>.text:sl_NetAppSendTokenValue</name>
         <load_address>0x879a</load_address>
         <run_address>0x879a</run_address>
         <size>0x5a</size>
         <input_file_ref idref="fl-c"/>
      </object_component>
      <object_component id="oc-115">
         <name>.text</name>
         <load_address>0x87f4</load_address>
         <run_address>0x87f4</run_address>
         <size>0x58</size>
         <input_file_ref idref="fl-4a"/>
      </object_component>
      <object_component id="oc-255">
         <name>.text:sl_NetCfgSet</name>
         <load_address>0x884c</load_address>
         <run_address>0x884c</run_address>
         <size>0x56</size>
         <input_file_ref idref="fl-d"/>
      </object_component>
      <object_component id="oc-2ac">
         <name>.text:getdevice</name>
         <load_address>0x88a2</load_address>
         <run_address>0x88a2</run_address>
         <size>0x54</size>
         <input_file_ref idref="fl-66"/>
      </object_component>
      <object_component id="oc-296">
         <name>.text:_ltostr</name>
         <load_address>0x88f6</load_address>
         <run_address>0x88f6</run_address>
         <size>0x52</size>
         <input_file_ref idref="fl-60"/>
      </object_component>
      <object_component id="oc-240">
         <name>.text:establishConnectionWithAP</name>
         <load_address>0x8948</load_address>
         <run_address>0x8948</run_address>
         <size>0x52</size>
         <input_file_ref idref="fl-5"/>
      </object_component>
      <object_component id="oc-22c">
         <name>.text:convert</name>
         <load_address>0x899a</load_address>
         <run_address>0x899a</run_address>
         <size>0x50</size>
         <input_file_ref idref="fl-3"/>
      </object_component>
      <object_component id="oc-234">
         <name>.text:getHostIP</name>
         <load_address>0x89ea</load_address>
         <run_address>0x89ea</run_address>
         <size>0x4e</size>
         <input_file_ref idref="fl-5"/>
      </object_component>
      <object_component id="oc-289">
         <name>.text:_pproc_diouxp</name>
         <load_address>0x8a38</load_address>
         <run_address>0x8a38</run_address>
         <size>0x4c</size>
         <input_file_ref idref="fl-60"/>
      </object_component>
      <object_component id="oc-206">
         <name>.text:main</name>
         <load_address>0x8a84</load_address>
         <run_address>0x8a84</run_address>
         <size>0x4c</size>
         <input_file_ref idref="fl-5"/>
      </object_component>
      <object_component id="oc-2a9">
         <name>.text:close</name>
         <load_address>0x8ad0</load_address>
         <run_address>0x8ad0</run_address>
         <size>0x4a</size>
         <input_file_ref idref="fl-66"/>
      </object_component>
      <object_component id="oc-233">
         <name>.text:_SlNonOsMainLoopTask</name>
         <load_address>0x8b1a</load_address>
         <run_address>0x8b1a</run_address>
         <size>0x48</size>
         <input_file_ref idref="fl-e"/>
      </object_component>
      <object_component id="oc-256">
         <name>.text:sl_WlanSet</name>
         <load_address>0x8b62</load_address>
         <run_address>0x8b62</run_address>
         <size>0x48</size>
         <input_file_ref idref="fl-11"/>
      </object_component>
      <object_component id="oc-20b">
         <name>.text:HOSTclose</name>
         <load_address>0x8baa</load_address>
         <run_address>0x8baa</run_address>
         <size>0x44</size>
         <input_file_ref idref="fl-6c"/>
      </object_component>
      <object_component id="oc-28f">
         <name>.text:SimpleLinkSockEventHandler</name>
         <load_address>0x8bee</load_address>
         <run_address>0x8bee</run_address>
         <size>0x44</size>
         <input_file_ref idref="fl-5"/>
      </object_component>
      <object_component id="oc-291">
         <name>.text:_SlDrvDeviceEventHandler</name>
         <load_address>0x8c32</load_address>
         <run_address>0x8c32</run_address>
         <size>0x44</size>
         <input_file_ref idref="fl-8"/>
      </object_component>
      <object_component id="oc-239">
         <name>.text:sl_Recv</name>
         <load_address>0x8c76</load_address>
         <run_address>0x8c76</run_address>
         <size>0x44</size>
         <input_file_ref idref="fl-f"/>
      </object_component>
      <object_component id="oc-20f">
         <name>.text:HOSTunlink</name>
         <load_address>0x8cba</load_address>
         <run_address>0x8cba</run_address>
         <size>0x42</size>
         <input_file_ref idref="fl-6c"/>
      </object_component>
      <object_component id="oc-265">
         <name>.text:_sl_BuildAddress</name>
         <load_address>0x8cfc</load_address>
         <run_address>0x8cfc</run_address>
         <size>0x42</size>
         <input_file_ref idref="fl-f"/>
      </object_component>
      <object_component id="oc-223">
         <name>.text:SetVCore</name>
         <load_address>0x8d3e</load_address>
         <run_address>0x8d3e</run_address>
         <size>0x40</size>
         <input_file_ref idref="fl-13"/>
      </object_component>
      <object_component id="oc-27c">
         <name>.text:_pproc_str</name>
         <load_address>0x8d7e</load_address>
         <run_address>0x8d7e</run_address>
         <size>0x40</size>
         <input_file_ref idref="fl-60"/>
      </object_component>
      <object_component id="oc-24c">
         <name>.text:printf</name>
         <load_address>0x8dbe</load_address>
         <run_address>0x8dbe</run_address>
         <size>0x40</size>
         <input_file_ref idref="fl-5a"/>
      </object_component>
      <object_component id="oc-244">
         <name>.text:sl_Htonl</name>
         <load_address>0x8dfe</load_address>
         <run_address>0x8dfe</run_address>
         <size>0x40</size>
         <input_file_ref idref="fl-f"/>
      </object_component>
      <object_component id="oc-253">
         <name>.text:sl_WlanPolicySet</name>
         <load_address>0x8e3e</load_address>
         <run_address>0x8e3e</run_address>
         <size>0x40</size>
         <input_file_ref idref="fl-11"/>
      </object_component>
      <object_component id="oc-220">
         <name>.text:l_lsl_const</name>
         <load_address>0x8e7e</load_address>
         <run_address>0x8e7e</run_address>
         <size>0x3e</size>
         <input_file_ref idref="fl-71"/>
      </object_component>
      <object_component id="oc-21f">
         <name>.text:l_lsr_const</name>
         <load_address>0x8ebc</load_address>
         <run_address>0x8ebc</run_address>
         <size>0x3e</size>
         <input_file_ref idref="fl-53"/>
      </object_component>
      <object_component id="oc-274">
         <name>.text:_SlNonOsSpawn</name>
         <load_address>0x8efa</load_address>
         <run_address>0x8efa</run_address>
         <size>0x3c</size>
         <input_file_ref idref="fl-e"/>
      </object_component>
      <object_component id="oc-258">
         <name>.text:sl_WlanRxFilterSet</name>
         <load_address>0x8f36</load_address>
         <run_address>0x8f36</run_address>
         <size>0x3a</size>
         <input_file_ref idref="fl-11"/>
      </object_component>
      <object_component id="oc-28b">
         <name>.text:CopyPingResultsToReport</name>
         <load_address>0x8f70</load_address>
         <run_address>0x8f70</run_address>
         <size>0x38</size>
         <input_file_ref idref="fl-c"/>
      </object_component>
      <object_component id="oc-25f">
         <name>.text:_SlDrvRxIrqHandler</name>
         <load_address>0x8fa8</load_address>
         <run_address>0x8fa8</run_address>
         <size>0x38</size>
         <input_file_ref idref="fl-9"/>
      </object_component>
      <object_component id="oc-2a7">
         <name>.text:minit</name>
         <load_address>0x8fe0</load_address>
         <run_address>0x8fe0</run_address>
         <size>0x38</size>
         <input_file_ref idref="fl-74"/>
      </object_component>
      <object_component id="oc-217">
         <name>.text:ADCinit</name>
         <load_address>0x9018</load_address>
         <run_address>0x9018</run_address>
         <size>0x36</size>
         <input_file_ref idref="fl-3"/>
      </object_component>
      <object_component id="oc-225">
         <name>.text:Init_FLL_Settle</name>
         <load_address>0x904e</load_address>
         <run_address>0x904e</run_address>
         <size>0x36</size>
         <input_file_ref idref="fl-13"/>
      </object_component>
      <object_component id="oc-224">
         <name>.text:LFXT_Start</name>
         <load_address>0x9084</load_address>
         <run_address>0x9084</run_address>
         <size>0x36</size>
         <input_file_ref idref="fl-13"/>
      </object_component>
      <object_component id="oc-270">
         <name>.text:_SlDrvFlowContInit</name>
         <load_address>0x90ba</load_address>
         <run_address>0x90ba</run_address>
         <size>0x36</size>
         <input_file_ref idref="fl-a"/>
      </object_component>
      <object_component id="oc-247">
         <name>.text:reverse</name>
         <load_address>0x90f0</load_address>
         <run_address>0x90f0</run_address>
         <size>0x36</size>
         <input_file_ref idref="fl-4"/>
      </object_component>
      <object_component id="oc-129">
         <name>.text</name>
         <load_address>0x9126</load_address>
         <run_address>0x9126</run_address>
         <size>0x36</size>
         <input_file_ref idref="fl-4e"/>
      </object_component>
      <object_component id="oc-23b">
         <name>.text:strstr</name>
         <load_address>0x915c</load_address>
         <run_address>0x915c</run_address>
         <size>0x36</size>
         <input_file_ref idref="fl-5e"/>
      </object_component>
      <object_component id="oc-218">
         <name>.text:CLI_Configure</name>
         <load_address>0x9192</load_address>
         <run_address>0x9192</run_address>
         <size>0x34</size>
         <input_file_ref idref="fl-12"/>
      </object_component>
      <object_component id="oc-241">
         <name>.text:_SlDrvBasicCmd</name>
         <load_address>0x91c6</load_address>
         <run_address>0x91c6</run_address>
         <size>0x34</size>
         <input_file_ref idref="fl-9"/>
      </object_component>
      <object_component id="oc-25c">
         <name>.text:_SlNonOsSemGet</name>
         <load_address>0x91fa</load_address>
         <run_address>0x91fa</run_address>
         <size>0x34</size>
         <input_file_ref idref="fl-e"/>
      </object_component>
      <object_component id="oc-245">
         <name>.text:sl_Socket</name>
         <load_address>0x922e</load_address>
         <run_address>0x922e</run_address>
         <size>0x34</size>
         <input_file_ref idref="fl-f"/>
      </object_component>
      <object_component id="oc-27e">
         <name>.text:_SlDrvFlowContDeinit</name>
         <load_address>0x9262</load_address>
         <run_address>0x9262</run_address>
         <size>0x32</size>
         <input_file_ref idref="fl-a"/>
      </object_component>
      <object_component id="oc-2a4">
         <name>.text:__TI_cleanup</name>
         <load_address>0x9294</load_address>
         <run_address>0x9294</run_address>
         <size>0x32</size>
         <input_file_ref idref="fl-73"/>
      </object_component>
      <object_component id="oc-283">
         <name>.text:spi_Read</name>
         <load_address>0x92c6</load_address>
         <run_address>0x92c6</run_address>
         <size>0x32</size>
         <input_file_ref idref="fl-7"/>
      </object_component>
      <object_component id="oc-214">
         <name>.text:initClk</name>
         <load_address>0x92f8</load_address>
         <run_address>0x92f8</run_address>
         <size>0x30</size>
         <input_file_ref idref="fl-13"/>
      </object_component>
      <object_component id="oc-212">
         <name>.text:initializeAppVariables</name>
         <load_address>0x9328</load_address>
         <run_address>0x9328</run_address>
         <size>0x30</size>
         <input_file_ref idref="fl-5"/>
      </object_component>
      <object_component id="oc-28e">
         <name>.text:SimpleLinkNetAppEventHandler</name>
         <load_address>0x9358</load_address>
         <run_address>0x9358</run_address>
         <size>0x2e</size>
         <input_file_ref idref="fl-5"/>
      </object_component>
      <object_component id="oc-21d">
         <name>.text:__TI_writemsg</name>
         <load_address>0x9386</load_address>
         <run_address>0x9386</run_address>
         <size>0x2e</size>
         <input_file_ref idref="fl-6d"/>
      </object_component>
      <object_component id="oc-295">
         <name>.text:_getarg_diouxp</name>
         <load_address>0x93b4</load_address>
         <run_address>0x93b4</run_address>
         <size>0x2e</size>
         <input_file_ref idref="fl-60"/>
      </object_component>
      <object_component id="oc-207">
         <name>.text:exit</name>
         <load_address>0x93e2</load_address>
         <run_address>0x93e2</run_address>
         <size>0x2e</size>
         <input_file_ref idref="fl-4b"/>
      </object_component>
      <object_component id="oc-2af">
         <name>.text:finddevice</name>
         <load_address>0x9410</load_address>
         <run_address>0x9410</run_address>
         <size>0x2e</size>
         <input_file_ref idref="fl-66"/>
      </object_component>
      <object_component id="oc-226">
         <name>.text:CLI_Write</name>
         <load_address>0x943e</load_address>
         <run_address>0x943e</run_address>
         <size>0x2c</size>
         <input_file_ref idref="fl-12"/>
      </object_component>
      <object_component id="oc-21e">
         <name>.text:__TI_readmsg</name>
         <load_address>0x946a</load_address>
         <run_address>0x946a</run_address>
         <size>0x2c</size>
         <input_file_ref idref="fl-6d"/>
      </object_component>
      <object_component id="oc-10b">
         <name>.text</name>
         <load_address>0x9496</load_address>
         <run_address>0x9496</run_address>
         <size>0x2c</size>
         <input_file_ref idref="fl-48"/>
      </object_component>
      <object_component id="oc-2ae">
         <name>.text:strncpy</name>
         <load_address>0x94c2</load_address>
         <run_address>0x94c2</run_address>
         <size>0x2c</size>
         <input_file_ref idref="fl-6b"/>
      </object_component>
      <object_component id="oc-23d">
         <name>.text:IRdelay</name>
         <load_address>0x94ee</load_address>
         <run_address>0x94ee</run_address>
         <size>0x2a</size>
         <input_file_ref idref="fl-5"/>
      </object_component>
      <object_component id="oc-276">
         <name>.text:spi_Write</name>
         <load_address>0x9518</load_address>
         <run_address>0x9518</run_address>
         <size>0x2a</size>
         <input_file_ref idref="fl-7"/>
      </object_component>
      <object_component id="oc-2ab">
         <name>.text:unlink</name>
         <load_address>0x9542</load_address>
         <run_address>0x9542</run_address>
         <size>0x2a</size>
         <input_file_ref idref="fl-66"/>
      </object_component>
      <object_component id="oc-243">
         <name>.text:sl_Htons</name>
         <load_address>0x956c</load_address>
         <run_address>0x956c</run_address>
         <size>0x28</size>
         <input_file_ref idref="fl-f"/>
      </object_component>
      <object_component id="oc-2a6">
         <name>.text:_SlDrvCmdSend</name>
         <load_address>0x9594</load_address>
         <run_address>0x9594</run_address>
         <size>0x26</size>
         <input_file_ref idref="fl-9"/>
      </object_component>
      <object_component id="oc-2a1">
         <name>.text:lseek</name>
         <load_address>0x95ba</load_address>
         <run_address>0x95ba</run_address>
         <size>0x26</size>
         <input_file_ref idref="fl-66"/>
      </object_component>
      <object_component id="oc-215">
         <name>.text:port_setup</name>
         <load_address>0x95e0</load_address>
         <run_address>0x95e0</run_address>
         <size>0x26</size>
         <input_file_ref idref="fl-5"/>
      </object_component>
      <object_component id="oc-28c">
         <name>.text:_SlDrvShiftDWord</name>
         <load_address>0x9606</load_address>
         <run_address>0x9606</run_address>
         <size>0x24</size>
         <input_file_ref idref="fl-9"/>
      </object_component>
      <object_component id="oc-257">
         <name>.text:sl_NetAppMDNSUnRegisterService</name>
         <load_address>0x962a</load_address>
         <run_address>0x962a</run_address>
         <size>0x24</size>
         <input_file_ref idref="fl-c"/>
      </object_component>
      <object_component id="oc-288">
         <name>.text:write</name>
         <load_address>0x964e</load_address>
         <run_address>0x964e</run_address>
         <size>0x24</size>
         <input_file_ref idref="fl-66"/>
      </object_component>
      <object_component id="oc-219">
         <name>.text:displayBanner</name>
         <load_address>0x9672</load_address>
         <run_address>0x9672</run_address>
         <size>0x22</size>
         <input_file_ref idref="fl-5"/>
      </object_component>
      <object_component id="oc-15a">
         <name>.text</name>
         <load_address>0x9694</load_address>
         <run_address>0x9694</run_address>
         <size>0x22</size>
         <input_file_ref idref="fl-58"/>
      </object_component>
      <object_component id="oc-271">
         <name>.text:Delay</name>
         <load_address>0x96b6</load_address>
         <run_address>0x96b6</run_address>
         <size>0x20</size>
         <input_file_ref idref="fl-13"/>
      </object_component>
      <object_component id="oc-23a">
         <name>.text:sl_Close</name>
         <load_address>0x96d6</load_address>
         <run_address>0x96d6</run_address>
         <size>0x20</size>
         <input_file_ref idref="fl-f"/>
      </object_component>
      <object_component id="oc-254">
         <name>.text:sl_WlanProfileDel</name>
         <load_address>0x96f6</load_address>
         <run_address>0x96f6</run_address>
         <size>0x20</size>
         <input_file_ref idref="fl-11"/>
      </object_component>
      <object_component id="oc-250">
         <name>.text:sl_WlanSetMode</name>
         <load_address>0x9716</load_address>
         <run_address>0x9716</run_address>
         <size>0x20</size>
         <input_file_ref idref="fl-11"/>
      </object_component>
      <object_component id="oc-24d">
         <name>.text:stringCopy</name>
         <load_address>0x9736</load_address>
         <run_address>0x9736</run_address>
         <size>0x20</size>
         <input_file_ref idref="fl-2"/>
      </object_component>
      <object_component id="oc-27f">
         <name>.text:_SlDrvObjDeInit</name>
         <load_address>0x9756</load_address>
         <run_address>0x9756</run_address>
         <size>0x1e</size>
         <input_file_ref idref="fl-9"/>
      </object_component>
      <object_component id="oc-28a">
         <name>.text:memccpy</name>
         <load_address>0x9774</load_address>
         <run_address>0x9774</run_address>
         <size>0x1c</size>
         <input_file_ref idref="fl-67"/>
      </object_component>
      <object_component id="oc-2a5">
         <name>.text:_div</name>
         <load_address>0x9790</load_address>
         <run_address>0x9790</run_address>
         <size>0x1a</size>
         <input_file_ref idref="fl-60"/>
      </object_component>
      <object_component id="oc-227">
         <name>.text:disconnectFromAP</name>
         <load_address>0x97aa</load_address>
         <run_address>0x97aa</run_address>
         <size>0x1a</size>
         <input_file_ref idref="fl-5"/>
      </object_component>
      <object_component id="oc-236">
         <name>.text:strcat</name>
         <load_address>0x97c4</load_address>
         <run_address>0x97c4</run_address>
         <size>0x1a</size>
         <input_file_ref idref="fl-5b"/>
      </object_component>
      <object_component id="oc-2ad">
         <name>.text:strchr</name>
         <load_address>0x97de</load_address>
         <run_address>0x97de</run_address>
         <size>0x18</size>
         <input_file_ref idref="fl-69"/>
      </object_component>
      <object_component id="oc-2b0">
         <name>.text:strcmp</name>
         <load_address>0x97f6</load_address>
         <run_address>0x97f6</run_address>
         <size>0x18</size>
         <input_file_ref idref="fl-6a"/>
      </object_component>
      <object_component id="oc-110">
         <name>.text</name>
         <load_address>0x980e</load_address>
         <run_address>0x980e</run_address>
         <size>0x16</size>
         <input_file_ref idref="fl-49"/>
      </object_component>
      <object_component id="oc-155">
         <name>.text</name>
         <load_address>0x9824</load_address>
         <run_address>0x9824</run_address>
         <size>0x16</size>
         <input_file_ref idref="fl-57"/>
      </object_component>
      <object_component id="oc-286">
         <name>.text:memchr</name>
         <load_address>0x983a</load_address>
         <run_address>0x983a</run_address>
         <size>0x14</size>
         <input_file_ref idref="fl-68"/>
      </object_component>
      <object_component id="oc-222">
         <name>.text:memset</name>
         <load_address>0x984e</load_address>
         <run_address>0x984e</run_address>
         <size>0x14</size>
         <input_file_ref idref="fl-55"/>
      </object_component>
      <object_component id="oc-216">
         <name>.text:timer_setup</name>
         <load_address>0x9862</load_address>
         <run_address>0x9862</run_address>
         <size>0x14</size>
         <input_file_ref idref="fl-5"/>
      </object_component>
      <object_component id="oc-211">
         <name>.text:memcpy</name>
         <load_address>0x9876</load_address>
         <run_address>0x9876</run_address>
         <size>0x12</size>
         <input_file_ref idref="fl-54"/>
      </object_component>
      <object_component id="oc-22b">
         <name>.text:sample</name>
         <load_address>0x9888</load_address>
         <run_address>0x9888</run_address>
         <size>0x12</size>
         <input_file_ref idref="fl-3"/>
      </object_component>
      <object_component id="oc-221">
         <name>.text:strcpy</name>
         <load_address>0x989a</load_address>
         <run_address>0x989a</run_address>
         <size>0x10</size>
         <input_file_ref idref="fl-5c"/>
      </object_component>
      <object_component id="oc-21c">
         <name>.text:strlen</name>
         <load_address>0x98aa</load_address>
         <run_address>0x98aa</run_address>
         <size>0xe</size>
         <input_file_ref idref="fl-5d"/>
      </object_component>
      <object_component id="oc-272">
         <name>.text:CC3100_InterruptEnable</name>
         <load_address>0x98b8</load_address>
         <run_address>0x98b8</run_address>
         <size>0xa</size>
         <input_file_ref idref="fl-13"/>
      </object_component>
      <object_component id="oc-29b">
         <name>.text:SimpleLinkGeneralEventHandler</name>
         <load_address>0x98c2</load_address>
         <run_address>0x98c2</run_address>
         <size>0xa</size>
         <input_file_ref idref="fl-5"/>
      </object_component>
      <object_component id="oc-299">
         <name>.text:SimpleLinkHttpServerCallback</name>
         <load_address>0x98cc</load_address>
         <run_address>0x98cc</run_address>
         <size>0xa</size>
         <input_file_ref idref="fl-5"/>
      </object_component>
      <object_component id="oc-138">
         <name>.text</name>
         <load_address>0x98d6</load_address>
         <run_address>0x98d6</run_address>
         <size>0xa</size>
         <input_file_ref idref="fl-51"/>
      </object_component>
      <object_component id="oc-13d">
         <name>.text</name>
         <load_address>0x98e0</load_address>
         <run_address>0x98e0</run_address>
         <size>0xa</size>
         <input_file_ref idref="fl-52"/>
      </object_component>
      <object_component id="oc-232">
         <name>.text:sl_WlanDisconnect</name>
         <load_address>0x98ea</load_address>
         <run_address>0x98ea</run_address>
         <size>0xa</size>
         <input_file_ref idref="fl-11"/>
      </object_component>
      <object_component id="oc-25e">
         <name>.text:CC3100_disable</name>
         <load_address>0x98f4</load_address>
         <run_address>0x98f4</run_address>
         <size>0x8</size>
         <input_file_ref idref="fl-13"/>
      </object_component>
      <object_component id="oc-261">
         <name>.text:CC3100_enable</name>
         <load_address>0x98fc</load_address>
         <run_address>0x98fc</run_address>
         <size>0x8</size>
         <input_file_ref idref="fl-13"/>
      </object_component>
      <object_component id="oc-25d">
         <name>.text:_SlNonOsSemSet</name>
         <load_address>0x9904</load_address>
         <run_address>0x9904</run_address>
         <size>0x8</size>
         <input_file_ref idref="fl-e"/>
      </object_component>
      <object_component id="oc-260">
         <name>.text:registerInterruptHandler</name>
         <load_address>0x990c</load_address>
         <run_address>0x990c</run_address>
         <size>0x8</size>
         <input_file_ref idref="fl-13"/>
      </object_component>
      <object_component id="oc-26c">
         <name>.text:spi_Close</name>
         <load_address>0x9914</load_address>
         <run_address>0x9914</run_address>
         <size>0x8</size>
         <input_file_ref idref="fl-7"/>
      </object_component>
      <object_component id="oc-213">
         <name>.text:stopWDT</name>
         <load_address>0x991c</load_address>
         <run_address>0x991c</run_address>
         <size>0x8</size>
         <input_file_ref idref="fl-13"/>
      </object_component>
      <object_component id="oc-27d">
         <name>.text:CC3100_InterruptDisable</name>
         <load_address>0x9924</load_address>
         <run_address>0x9924</run_address>
         <size>0x6</size>
         <input_file_ref idref="fl-13"/>
      </object_component>
      <object_component id="oc-269">
         <name>.text:_outc</name>
         <load_address>0x992a</load_address>
         <run_address>0x992a</run_address>
         <size>0x6</size>
         <input_file_ref idref="fl-5a"/>
      </object_component>
      <object_component id="oc-24f">
         <name>.text:markEmpty</name>
         <load_address>0x9930</load_address>
         <run_address>0x9930</run_address>
         <size>0x6</size>
         <input_file_ref idref="fl-2"/>
      </object_component>
      <object_component id="oc-268">
         <name>.text:_outs</name>
         <load_address>0x9936</load_address>
         <run_address>0x9936</run_address>
         <size>0x4</size>
         <input_file_ref idref="fl-5a"/>
      </object_component>
      <object_component id="oc-204">
         <name>.text:_system_pre_init</name>
         <load_address>0x993a</load_address>
         <run_address>0x993a</run_address>
         <size>0x4</size>
         <input_file_ref idref="fl-59"/>
      </object_component>
      <object_component id="oc-21b">
         <name>.text:abort</name>
         <load_address>0x993e</load_address>
         <run_address>0x993e</run_address>
         <size>0x4</size>
         <input_file_ref idref="fl-4b"/>
      </object_component>
      <object_component id="oc-2aa">
         <name>.text:remove</name>
         <load_address>0x9942</load_address>
         <run_address>0x9942</run_address>
         <size>0x4</size>
         <input_file_ref idref="fl-76"/>
      </object_component>
      <object_component id="oc-203">
         <name>.text:_nop</name>
         <load_address>0x9946</load_address>
         <run_address>0x9946</run_address>
         <size>0x2</size>
         <input_file_ref idref="fl-5f"/>
      </object_component>
      <object_component id="oc-72">
         <name>.text:_isr:_c_int00_noargs</name>
         <load_address>0x44c2</load_address>
         <run_address>0x44c2</run_address>
         <size>0x38</size>
         <input_file_ref idref="fl-42"/>
      </object_component>
      <object_component id="oc-201">
         <name>.text:_isr:UART_ISR</name>
         <load_address>0x44fa</load_address>
         <run_address>0x44fa</run_address>
         <size>0x36</size>
         <input_file_ref idref="fl-12"/>
      </object_component>
      <object_component id="oc-200">
         <name>.text:_isr:IntSpiGPIOHandler</name>
         <load_address>0x4530</load_address>
         <run_address>0x4530</run_address>
         <size>0x1a</size>
         <input_file_ref idref="fl-13"/>
      </object_component>
      <object_component id="oc-208">
         <name>.text:_isr:Timer_A</name>
         <load_address>0x454a</load_address>
         <run_address>0x454a</run_address>
         <size>0x12</size>
         <input_file_ref idref="fl-5"/>
      </object_component>
      <object_component id="oc-209">
         <name>.text:_isr:CC3100_UART_ISR</name>
         <load_address>0x455c</load_address>
         <run_address>0x455c</run_address>
         <size>0xa</size>
         <input_file_ref idref="fl-13"/>
      </object_component>
      <object_component id="oc-202">
         <name>.text:_isr:Port1_ISR</name>
         <load_address>0x4566</load_address>
         <run_address>0x4566</run_address>
         <size>0xa</size>
         <input_file_ref idref="fl-13"/>
      </object_component>
      <object_component id="oc-1ff">
         <name>.text:_isr:Trap_ISR</name>
         <load_address>0x4570</load_address>
         <run_address>0x4570</run_address>
         <size>0x4</size>
         <input_file_ref idref="fl-13"/>
      </object_component>
      <object_component id="oc-1a4">
         <name>.cinit</name>
         <load_address>0x4400</load_address>
         <run_address>0x4400</run_address>
         <size>0x48</size>
         <input_file_ref idref="fl-66"/>
      </object_component>
      <object_component id="oc-195">
         <name>.cinit</name>
         <load_address>0x4448</load_address>
         <run_address>0x4448</run_address>
         <size>0x2e</size>
         <input_file_ref idref="fl-63"/>
      </object_component>
      <object_component id="oc-aa">
         <name>.cinit</name>
         <load_address>0x4476</load_address>
         <run_address>0x4476</run_address>
         <size>0x13</size>
         <input_file_ref idref="fl-9"/>
      </object_component>
      <object_component id="oc-88">
         <name>.cinit</name>
         <load_address>0x448a</load_address>
         <run_address>0x448a</run_address>
         <size>0xe</size>
         <input_file_ref idref="fl-3"/>
      </object_component>
      <object_component id="oc-94">
         <name>.cinit</name>
         <load_address>0x4498</load_address>
         <run_address>0x4498</run_address>
         <size>0xe</size>
         <input_file_ref idref="fl-5"/>
      </object_component>
      <object_component id="oc-e4">
         <name>.cinit</name>
         <load_address>0x44a6</load_address>
         <run_address>0x44a6</run_address>
         <size>0x8</size>
         <input_file_ref idref="fl-13"/>
      </object_component>
      <object_component id="oc-dd">
         <name>.cinit</name>
         <load_address>0x44ae</load_address>
         <run_address>0x44ae</run_address>
         <size>0x6</size>
         <input_file_ref idref="fl-12"/>
      </object_component>
      <object_component id="oc-1e8">
         <name>.cinit</name>
         <load_address>0x44b4</load_address>
         <run_address>0x44b4</run_address>
         <size>0x6</size>
         <input_file_ref idref="fl-73"/>
      </object_component>
      <object_component id="oc-1ef">
         <name>.cinit</name>
         <load_address>0x44ba</load_address>
         <run_address>0x44ba</run_address>
         <size>0x6</size>
         <input_file_ref idref="fl-74"/>
      </object_component>
      <object_component id="oc-96">
         <name>.const:.string</name>
         <load_address>0x9948</load_address>
         <run_address>0x9948</run_address>
         <size>0x556</size>
         <input_file_ref idref="fl-5"/>
      </object_component>
      <object_component id="oc-26b">
         <name>.const:.string:_ctypes_</name>
         <load_address>0x9e9e</load_address>
         <run_address>0x9e9e</run_address>
         <size>0x101</size>
         <input_file_ref idref="fl-47"/>
      </object_component>
      <object_component id="oc-d6">
         <name>.const</name>
         <load_address>0x9fa0</load_address>
         <run_address>0x9fa0</run_address>
         <size>0xec</size>
         <input_file_ref idref="fl-11"/>
      </object_component>
      <object_component id="oc-95">
         <name>.const</name>
         <load_address>0xa08c</load_address>
         <run_address>0xa08c</run_address>
         <size>0x46</size>
         <input_file_ref idref="fl-5"/>
      </object_component>
      <object_component id="oc-292">
         <name>.const:_SlActionLookupTable</name>
         <load_address>0xa0d2</load_address>
         <run_address>0xa0d2</run_address>
         <size>0x38</size>
         <input_file_ref idref="fl-9"/>
      </object_component>
      <object_component id="oc-ce">
         <name>.const</name>
         <load_address>0xa10a</load_address>
         <run_address>0xa10a</run_address>
         <size>0x34</size>
         <input_file_ref idref="fl-f"/>
      </object_component>
      <object_component id="oc-bc">
         <name>.const</name>
         <load_address>0xa13e</load_address>
         <run_address>0xa13e</run_address>
         <size>0x28</size>
         <input_file_ref idref="fl-c"/>
      </object_component>
      <object_component id="oc-b6">
         <name>.const</name>
         <load_address>0xa166</load_address>
         <run_address>0xa166</run_address>
         <size>0x24</size>
         <input_file_ref idref="fl-b"/>
      </object_component>
      <object_component id="oc-184">
         <name>.const:.string</name>
         <load_address>0xa18a</load_address>
         <run_address>0xa18a</run_address>
         <size>0x14</size>
         <input_file_ref idref="fl-60"/>
      </object_component>
      <object_component id="oc-a3">
         <name>.const</name>
         <load_address>0xa19e</load_address>
         <run_address>0xa19e</run_address>
         <size>0x14</size>
         <input_file_ref idref="fl-8"/>
      </object_component>
      <object_component id="oc-ab">
         <name>.const</name>
         <load_address>0xa1b2</load_address>
         <run_address>0xa1b2</run_address>
         <size>0x14</size>
         <input_file_ref idref="fl-9"/>
      </object_component>
      <object_component id="oc-81">
         <name>.const:.string</name>
         <load_address>0xa1c6</load_address>
         <run_address>0xa1c6</run_address>
         <size>0x8</size>
         <input_file_ref idref="fl-2"/>
      </object_component>
      <object_component id="oc-c2">
         <name>.const</name>
         <load_address>0xa1ce</load_address>
         <run_address>0xa1ce</run_address>
         <size>0x8</size>
         <input_file_ref idref="fl-d"/>
      </object_component>
      <object_component id="oc-19d">
         <name>.const:.string</name>
         <load_address>0xa1d6</load_address>
         <run_address>0xa1d6</run_address>
         <size>0x2</size>
         <input_file_ref idref="fl-65"/>
      </object_component>
      <object_component id="oc-1c9">
         <name>.cio</name>
         <uninitialized>true</uninitialized>
         <run_address>0x2fba</run_address>
         <size>0x120</size>
         <input_file_ref idref="fl-6d"/>
      </object_component>
      <object_component id="oc-69">
         <name>.int41</name>
         <load_address>0xffd2</load_address>
         <run_address>0xffd2</run_address>
         <size>0x2</size>
         <input_file_ref idref="fl-13"/>
      </object_component>
      <object_component id="oc-6a">
         <name>.int42</name>
         <load_address>0xffd4</load_address>
         <run_address>0xffd4</run_address>
         <size>0x2</size>
         <input_file_ref idref="fl-13"/>
      </object_component>
      <object_component id="oc-6b">
         <name>.int43</name>
         <load_address>0xffd6</load_address>
         <run_address>0xffd6</run_address>
         <size>0x2</size>
         <input_file_ref idref="fl-13"/>
      </object_component>
      <object_component id="oc-6c">
         <name>.int44</name>
         <load_address>0xffd8</load_address>
         <run_address>0xffd8</run_address>
         <size>0x2</size>
         <input_file_ref idref="fl-13"/>
      </object_component>
      <object_component id="oc-6d">
         <name>.int45</name>
         <load_address>0xffda</load_address>
         <run_address>0xffda</run_address>
         <size>0x2</size>
         <input_file_ref idref="fl-13"/>
      </object_component>
      <object_component id="oc-6e">
         <name>.int46</name>
         <load_address>0xffdc</load_address>
         <run_address>0xffdc</run_address>
         <size>0x2</size>
         <input_file_ref idref="fl-12"/>
      </object_component>
      <object_component id="oc-6f">
         <name>.int47</name>
         <load_address>0xffde</load_address>
         <run_address>0xffde</run_address>
         <size>0x2</size>
         <input_file_ref idref="fl-13"/>
      </object_component>
      <object_component id="oc-70">
         <name>.int48</name>
         <load_address>0xffe0</load_address>
         <run_address>0xffe0</run_address>
         <size>0x2</size>
         <input_file_ref idref="fl-13"/>
      </object_component>
      <object_component id="oc-71">
         <name>.int49</name>
         <load_address>0xffe2</load_address>
         <run_address>0xffe2</run_address>
         <size>0x2</size>
         <input_file_ref idref="fl-13"/>
      </object_component>
      <object_component id="oc-73">
         <name>.int50</name>
         <load_address>0xffe4</load_address>
         <run_address>0xffe4</run_address>
         <size>0x2</size>
         <input_file_ref idref="fl-13"/>
      </object_component>
      <object_component id="oc-74">
         <name>.int51</name>
         <load_address>0xffe6</load_address>
         <run_address>0xffe6</run_address>
         <size>0x2</size>
         <input_file_ref idref="fl-13"/>
      </object_component>
      <object_component id="oc-75">
         <name>.int52</name>
         <load_address>0xffe8</load_address>
         <run_address>0xffe8</run_address>
         <size>0x2</size>
         <input_file_ref idref="fl-13"/>
      </object_component>
      <object_component id="oc-76">
         <name>.int53</name>
         <load_address>0xffea</load_address>
         <run_address>0xffea</run_address>
         <size>0x2</size>
         <input_file_ref idref="fl-5"/>
      </object_component>
      <object_component id="oc-77">
         <name>.int54</name>
         <load_address>0xffec</load_address>
[...]
         <value>0xfff6</value>
         <object_component_ref idref="oc-7c"/>
      </symbol>
      <symbol id="sm-8e6">
         <name>__TI_int56</name>
         <value>0xfff0</value>
         <object_component_ref idref="oc-79"/>
      </symbol>
      <symbol id="sm-8e7">
         <name>__TI_int57</name>
         <value>0xfff2</value>
         <object_component_ref idref="oc-7a"/>
      </symbol>
      <symbol id="sm-8e8">
         <name>__TI_int54</name>
         <value>0xffec</value>
         <object_component_ref idref="oc-77"/>
      </symbol>
      <symbol id="sm-8e9">
         <name>__TI_int55</name>
         <value>0xffee</value>
         <object_component_ref idref="oc-78"/>
      </symbol>
      <symbol id="sm-8ea">
         <name>__TI_int52</name>
         <value>0xffe8</value>
         <object_component_ref idref="oc-75"/>
      </symbol>
      <symbol id="sm-8eb">
         <name>__TI_int50</name>
         <value>0xffe4</value>
         <object_component_ref idref="oc-73"/>
      </symbol>
      <symbol id="sm-8ec">
         <name>__TI_int51</name>
         <value>0xffe6</value>
         <object_component_ref idref="oc-74"/>
      </symbol>
      <symbol id="sm-8ed">
         <name>CC3100_enable</name>
         <value>0x98fc</value>
         <object_component_ref idref="oc-261"/>
      </symbol>
      <symbol id="sm-8ee">
         <name>LFXT_Start</name>
         <value>0x9084</value>
         <object_component_ref idref="oc-224"/>
      </symbol>
      <symbol id="sm-8ef">
         <name>registerInterruptHandler</name>
         <value>0x990c</value>
         <object_component_ref idref="oc-260"/>
      </symbol>
      <symbol id="sm-8f0">
         <name>CC3100_UART_ISR</name>
         <value>0x455c</value>
         <object_component_ref idref="oc-209"/>
      </symbol>
      <symbol id="sm-8f1">
         <name>Delay</name>
         <value>0x96b6</value>
         <object_component_ref idref="oc-271"/>
      </symbol>
      <symbol id="sm-8f2">
         <name>stopWDT</name>
         <value>0x991c</value>
         <object_component_ref idref="oc-213"/>
      </symbol>
      <symbol id="sm-8f3">
         <name>Init_FLL_Settle</name>
         <value>0x904e</value>
         <object_component_ref idref="oc-225"/>
      </symbol>
      <symbol id="sm-8f4">
         <name>initClk</name>
         <value>0x92f8</value>
         <object_component_ref idref="oc-214"/>
      </symbol>
      <symbol id="sm-8f5">
         <name>Init_FLL</name>
         <value>0x68ac</value>
         <object_component_ref idref="oc-231"/>
      </symbol>
      <symbol id="sm-908">
         <name>atol</name>
         <value>0x843e</value>
         <object_component_ref idref="oc-24e"/>
      </symbol>
      <symbol id="sm-91b">
         <name>_c_int00</name>
         <value>0x44c2</value>
         <object_component_ref idref="oc-72"/>
      </symbol>
      <symbol id="sm-91c">
         <name>_stack</name>
         <value>0x42ac</value>
         <object_component_ref idref="oc-f0"/>
      </symbol>
      <symbol id="sm-91d">
         <name>__TI_dtors_ptr</name>
         <value>0x2f94</value>
         <object_component_ref idref="oc-ee"/>
      </symbol>
      <symbol id="sm-91e">
         <name>_c_int00_noargs</name>
         <value>0x44c2</value>
         <object_component_ref idref="oc-72"/>
      </symbol>
      <symbol id="sm-91f">
         <name>__TI_cleanup_ptr</name>
         <value>0x2f90</value>
         <object_component_ref idref="oc-ee"/>
      </symbol>
      <symbol id="sm-920">
         <name>_reset_vector</name>
         <value>0xfffe</value>
         <object_component_ref idref="oc-f1"/>
      </symbol>
      <symbol id="sm-94c">
         <name>_ctypes_</name>
         <value>0x9e9e</value>
         <object_component_ref idref="oc-26b"/>
      </symbol>
      <symbol id="sm-95c">
         <name>__remi</name>
         <value>0x9496</value>
         <object_component_ref idref="oc-10b"/>
      </symbol>
      <symbol id="sm-95d">
         <name>__divi</name>
         <value>0x9496</value>
         <object_component_ref idref="oc-10b"/>
      </symbol>
      <symbol id="sm-96b">
         <name>__remu</name>
         <value>0x980e</value>
         <object_component_ref idref="oc-110"/>
      </symbol>
      <symbol id="sm-96c">
         <name>__divu</name>
         <value>0x980e</value>
         <object_component_ref idref="oc-110"/>
      </symbol>
      <symbol id="sm-97e">
         <name>__divul</name>
         <value>0x87f4</value>
         <object_component_ref idref="oc-115"/>
      </symbol>
      <symbol id="sm-97f">
         <name>__remul</name>
         <value>0x87f4</value>
         <object_component_ref idref="oc-115"/>
      </symbol>
      <symbol id="sm-990">
         <name>C$$EXIT</name>
         <value>0x993e</value>
         <object_component_ref idref="oc-21b"/>
      </symbol>
      <symbol id="sm-991">
         <name>abort</name>
         <value>0x993e</value>
         <object_component_ref idref="oc-21b"/>
      </symbol>
      <symbol id="sm-992">
         <name>exit</name>
         <value>0x93e2</value>
         <object_component_ref idref="oc-207"/>
      </symbol>
      <symbol id="sm-993">
         <name>__TI_exit</name>
         <value>0x1</value>
      </symbol>
      <symbol id="sm-9b2">
         <name>__fs_add</name>
         <value>0x626c</value>
         <object_component_ref idref="oc-11f"/>
      </symbol>
      <symbol id="sm-9b3">
         <name>__fs_sub</name>
         <value>0x6266</value>
         <object_component_ref idref="oc-11f"/>
      </symbol>
      <symbol id="sm-9c9">
         <name>__fs_div</name>
         <value>0x7be0</value>
         <object_component_ref idref="oc-124"/>
      </symbol>
      <symbol id="sm-9da">
         <name>__fs_itof</name>
         <value>0x9126</value>
         <object_component_ref idref="oc-129"/>
      </symbol>
      <symbol id="sm-9f5">
         <name>__fs_mpy</name>
         <value>0x7316</value>
         <object_component_ref idref="oc-12e"/>
      </symbol>
      <symbol id="sm-a0b">
         <name>__fs_toi</name>
         <value>0x83d6</value>
         <object_component_ref idref="oc-133"/>
      </symbol>
      <symbol id="sm-a18">
         <name>I_LSL</name>
         <value>0x98d6</value>
         <object_component_ref idref="oc-138"/>
      </symbol>
      <symbol id="sm-a25">
         <name>I_LSR</name>
         <value>0x98e0</value>
         <object_component_ref idref="oc-13d"/>
      </symbol>
      <symbol id="sm-a31">
         <name>L_LSR_12</name>
         <value>0x8ec8</value>
         <object_component_ref idref="oc-21f"/>
      </symbol>
      <symbol id="sm-a32">
         <name>L_LSR_13</name>
         <value>0x8ec4</value>
         <object_component_ref idref="oc-21f"/>
      </symbol>
      <symbol id="sm-a33">
         <name>L_LSR_10</name>
         <value>0x8ed0</value>
         <object_component_ref idref="oc-21f"/>
      </symbol>
      <symbol id="sm-a34">
         <name>L_LSR_11</name>
         <value>0x8ecc</value>
         <object_component_ref idref="oc-21f"/>
      </symbol>
      <symbol id="sm-a35">
         <name>L_LSR_14</name>
         <value>0x8ec0</value>
         <object_component_ref idref="oc-21f"/>
      </symbol>
      <symbol id="sm-a36">
         <name>L_LSR_15</name>
         <value>0x8ebc</value>
         <object_component_ref idref="oc-21f"/>
      </symbol>
      <symbol id="sm-a37">
         <name>L_LSR_3</name>
         <value>0x8eec</value>
         <object_component_ref idref="oc-21f"/>
      </symbol>
      <symbol id="sm-a38">
         <name>L_LSR_2</name>
         <value>0x8ef0</value>
         <object_component_ref idref="oc-21f"/>
      </symbol>
      <symbol id="sm-a39">
         <name>L_LSR_1</name>
         <value>0x8ef4</value>
         <object_component_ref idref="oc-21f"/>
      </symbol>
      <symbol id="sm-a3a">
         <name>L_LSR_7</name>
         <value>0x8edc</value>
         <object_component_ref idref="oc-21f"/>
      </symbol>
      <symbol id="sm-a3b">
         <name>L_LSR_6</name>
         <value>0x8ee0</value>
         <object_component_ref idref="oc-21f"/>
      </symbol>
      <symbol id="sm-a3c">
         <name>L_LSR_5</name>
         <value>0x8ee4</value>
         <object_component_ref idref="oc-21f"/>
      </symbol>
      <symbol id="sm-a3d">
         <name>L_LSR_4</name>
         <value>0x8ee8</value>
         <object_component_ref idref="oc-21f"/>
      </symbol>
      <symbol id="sm-a3e">
         <name>L_LSR_9</name>
         <value>0x8ed4</value>
         <object_component_ref idref="oc-21f"/>
      </symbol>
      <symbol id="sm-a3f">
         <name>L_LSR_8</name>
         <value>0x8ed8</value>
         <object_component_ref idref="oc-21f"/>
      </symbol>
      <symbol id="sm-a4d">
         <name>memcpy</name>
         <value>0x9876</value>
         <object_component_ref idref="oc-211"/>
      </symbol>
      <symbol id="sm-a5b">
         <name>memset</name>
         <value>0x984e</value>
         <object_component_ref idref="oc-222"/>
      </symbol>
      <symbol id="sm-a70">
         <name>__mpyi_f5hw</name>
         <value>0x9824</value>
         <object_component_ref idref="oc-155"/>
      </symbol>
      <symbol id="sm-a7c">
         <name>__mpyl_f5hw</name>
         <value>0x9694</value>
         <object_component_ref idref="oc-15a"/>
      </symbol>
      <symbol id="sm-a88">
         <name>_system_pre_init</name>
         <value>0x993a</value>
         <object_component_ref idref="oc-204"/>
      </symbol>
      <symbol id="sm-a9c">
         <name>printf</name>
         <value>0x8dbe</value>
         <object_component_ref idref="oc-24c"/>
      </symbol>
      <symbol id="sm-aab">
         <name>strcat</name>
         <value>0x97c4</value>
         <object_component_ref idref="oc-236"/>
      </symbol>
      <symbol id="sm-ab8">
         <name>strcpy</name>
         <value>0x989a</value>
         <object_component_ref idref="oc-221"/>
      </symbol>
      <symbol id="sm-ac5">
         <name>strlen</name>
         <value>0x98aa</value>
         <object_component_ref idref="oc-21c"/>
      </symbol>
      <symbol id="sm-ad8">
         <name>strstr</name>
         <value>0x915c</value>
         <object_component_ref idref="oc-23b"/>
      </symbol>
      <symbol id="sm-ae6">
         <name>_nop</name>
         <value>0x9946</value>
         <object_component_ref idref="oc-203"/>
      </symbol>
      <symbol id="sm-ae7">
         <name>_lock</name>
         <value>0x2f88</value>
         <object_component_ref idref="oc-17d"/>
      </symbol>
      <symbol id="sm-ae8">
         <name>_unlock</name>
         <value>0x2f8c</value>
         <object_component_ref idref="oc-17d"/>
      </symbol>
      <symbol id="sm-b28">
         <name>__TI_printfi_minimal</name>
         <value>0x70e0</value>
         <object_component_ref idref="oc-26a"/>
      </symbol>
      <symbol id="sm-b32">
         <name>__TI_args_main</name>
         <value>0x1</value>
      </symbol>
      <symbol id="sm-b44">
         <name>__TI_auto_init</name>
         <value>0x1</value>
      </symbol>
      <symbol id="sm-b45">
         <name>_auto_init_hold_wdt</name>
         <value>0x873e</value>
         <object_component_ref idref="oc-205"/>
      </symbol>
      <symbol id="sm-b4f">
         <name>__TI_tmpnams</name>
         <value>0x2e24</value>
         <object_component_ref idref="oc-193"/>
      </symbol>
      <symbol id="sm-b50">
         <name>_ftable</name>
         <value>0x2dac</value>
         <object_component_ref idref="oc-193"/>
      </symbol>
      <symbol id="sm-b51">
         <name>__TI_ft_end</name>
         <value>0x2ec4</value>
         <object_component_ref idref="oc-193"/>
      </symbol>
      <symbol id="sm-b64">
         <name>putc</name>
         <value>0x7c6e</value>
         <object_component_ref idref="oc-27a"/>
      </symbol>
      <symbol id="sm-b65">
         <name>fputc</name>
         <value>0x7c6e</value>
         <object_component_ref idref="oc-27a"/>
      </symbol>
      <symbol id="sm-b80">
         <name>fputs</name>
         <value>0x6a76</value>
         <object_component_ref idref="oc-279"/>
      </symbol>
      <symbol id="sm-baf">
         <name>lseek</name>
         <value>0x95ba</value>
         <object_component_ref idref="oc-2a1"/>
      </symbol>
      <symbol id="sm-bb0">
         <name>write</name>
         <value>0x964e</value>
         <object_component_ref idref="oc-288"/>
      </symbol>
      <symbol id="sm-bb1">
         <name>close</name>
         <value>0x8ad0</value>
         <object_component_ref idref="oc-2a9"/>
      </symbol>
      <symbol id="sm-bb2">
         <name>unlink</name>
         <value>0x9542</value>
         <object_component_ref idref="oc-2ab"/>
      </symbol>
      <symbol id="sm-bc1">
         <name>memccpy</name>
         <value>0x9774</value>
         <object_component_ref idref="oc-28a"/>
      </symbol>
      <symbol id="sm-bd0">
         <name>memchr</name>
         <value>0x983a</value>
         <object_component_ref idref="oc-286"/>
      </symbol>
      <symbol id="sm-bdf">
         <name>strchr</name>
         <value>0x97de</value>
         <object_component_ref idref="oc-2ad"/>
      </symbol>
      <symbol id="sm-bed">
         <name>strcmp</name>
         <value>0x97f6</value>
         <object_component_ref idref="oc-2b0"/>
      </symbol>
      <symbol id="sm-bfd">
         <name>strncpy</name>
         <value>0x94c2</value>
         <object_component_ref idref="oc-2ae"/>
      </symbol>
      <symbol id="sm-c1b">
         <name>HOSTrename</name>
         <value>0x8230</value>
         <object_component_ref idref="oc-210"/>
      </symbol>
      <symbol id="sm-c1c">
         <name>HOSTclose</name>
         <value>0x8baa</value>
         <object_component_ref idref="oc-20b"/>
      </symbol>
      <symbol id="sm-c1d">
         <name>HOSTunlink</name>
         <value>0x8cba</value>
         <object_component_ref idref="oc-20f"/>
      </symbol>
      <symbol id="sm-c1e">
         <name>HOSTlseek</name>
         <value>0x7d82</value>
         <object_component_ref idref="oc-20e"/>
      </symbol>
      <symbol id="sm-c1f">
         <name>HOSTopen</name>
         <value>0x84a4</value>
         <object_component_ref idref="oc-20a"/>
      </symbol>
      <symbol id="sm-c20">
         <name>HOSTwrite</name>
         <value>0x85ca</value>
         <object_component_ref idref="oc-20d"/>
      </symbol>
      <symbol id="sm-c21">
         <name>HOSTread</name>
         <value>0x8686</value>
         <object_component_ref idref="oc-20c"/>
      </symbol>
      <symbol id="sm-c37">
         <name>__TI_readmsg</name>
         <value>0x946a</value>
         <object_component_ref idref="oc-21e"/>
      </symbol>
      <symbol id="sm-c38">
         <name>C$$IO$$</name>
         <value>0x93b0</value>
         <object_component_ref idref="oc-21d"/>
      </symbol>
      <symbol id="sm-c39">
         <name>_CIOBUF_</name>
         <value>0x2fba</value>
         <object_component_ref idref="oc-1c9"/>
      </symbol>
      <symbol id="sm-c3a">
         <name>__TI_writemsg</name>
         <value>0x9386</value>
         <object_component_ref idref="oc-21d"/>
      </symbol>
      <symbol id="sm-c4d">
         <name>__TI_wrt_ok</name>
         <value>0x7e88</value>
         <object_component_ref idref="oc-285"/>
      </symbol>
      <symbol id="sm-c5e">
         <name>__TI_doflush</name>
         <value>0x8568</value>
         <object_component_ref idref="oc-287"/>
      </symbol>
      <symbol id="sm-c6e">
         <name>fseek</name>
         <value>0x829a</value>
         <object_component_ref idref="oc-293"/>
      </symbol>
      <symbol id="sm-c7a">
         <name>L_LSL_3</name>
         <value>0x8eae</value>
         <object_component_ref idref="oc-220"/>
      </symbol>
      <symbol id="sm-c7b">
         <name>L_LSL_2</name>
         <value>0x8eb2</value>
         <object_component_ref idref="oc-220"/>
      </symbol>
      <symbol id="sm-c7c">
         <name>L_LSL_1</name>
         <value>0x8eb6</value>
         <object_component_ref idref="oc-220"/>
      </symbol>
      <symbol id="sm-c7d">
         <name>L_LSL_7</name>
         <value>0x8e9e</value>
         <object_component_ref idref="oc-220"/>
      </symbol>
      <symbol id="sm-c7e">
         <name>L_LSL_6</name>
         <value>0x8ea2</value>
         <object_component_ref idref="oc-220"/>
      </symbol>
      <symbol id="sm-c7f">
         <name>L_LSL_5</name>
         <value>0x8ea6</value>
         <object_component_ref idref="oc-220"/>
      </symbol>
      <symbol id="sm-c80">
         <name>L_LSL_4</name>
         <value>0x8eaa</value>
         <object_component_ref idref="oc-220"/>
      </symbol>
      <symbol id="sm-c81">
         <name>L_LSL_9</name>
         <value>0x8e96</value>
         <object_component_ref idref="oc-220"/>
      </symbol>
      <symbol id="sm-c82">
         <name>L_LSL_8</name>
         <value>0x8e9a</value>
         <object_component_ref idref="oc-220"/>
      </symbol>
      <symbol id="sm-c83">
         <name>L_LSL_12</name>
         <value>0x8e8a</value>
         <object_component_ref idref="oc-220"/>
      </symbol>
      <symbol id="sm-c84">
         <name>L_LSL_13</name>
         <value>0x8e86</value>
         <object_component_ref idref="oc-220"/>
      </symbol>
      <symbol id="sm-c85">
         <name>L_LSL_10</name>
         <value>0x8e92</value>
         <object_component_ref idref="oc-220"/>
      </symbol>
      <symbol id="sm-c86">
         <name>L_LSL_11</name>
         <value>0x8e8e</value>
         <object_component_ref idref="oc-220"/>
      </symbol>
      <symbol id="sm-c87">
         <name>L_LSL_14</name>
         <value>0x8e82</value>
         <object_component_ref idref="oc-220"/>
      </symbol>
      <symbol id="sm-c88">
         <name>L_LSL_15</name>
         <value>0x8e7e</value>
         <object_component_ref idref="oc-220"/>
      </symbol>
      <symbol id="sm-ca0">
         <name>setvbuf</name>
         <value>0x6d02</value>
         <object_component_ref idref="oc-294"/>
      </symbol>
      <symbol id="sm-cb4">
         <name>__TI_cleanup</name>
         <value>0x9294</value>
         <object_component_ref idref="oc-2a4"/>
      </symbol>
      <symbol id="sm-ce8">
         <name>_sys_memory</name>
         <value>0x30dc</value>
         <object_component_ref idref="oc-1f0"/>
      </symbol>
      <symbol id="sm-ce9">
         <name>free</name>
         <value>0x7e08</value>
         <object_component_ref idref="oc-2a2"/>
      </symbol>
      <symbol id="sm-cea">
         <name>malloc</name>
         <value>0x75de</value>
         <object_component_ref idref="oc-2a3"/>
      </symbol>
      <symbol id="sm-ceb">
         <name>minit</name>
         <value>0x8fe0</value>
         <object_component_ref idref="oc-2a7"/>
      </symbol>
      <symbol id="sm-cfc">
         <name>__TI_closefile</name>
         <value>0x836e</value>
         <object_component_ref idref="oc-2a8"/>
      </symbol>
      <symbol id="sm-d08">
         <name>remove</name>
         <value>0x9942</value>
         <object_component_ref idref="oc-2aa"/>
      </symbol>
   </symbol_table>
   <title>Link errors: red sections failed placement</title>
</link_info>
